Component: Arm Compiler for Embedded 6.19 Tool: armlink [5e73cb00]

==============================================================================

Section Cross References

    main.o(.text.GPIOA_Handler) refers to main.o(.bss.xStuckSema) for xStuckSema
    main.o(.text.GPIOA_Handler) refers to queue.o(.text.xQueueGiveFromISR) for xQueueGiveFromISR
    main.o(.text.GPIOA_Handler) refers to gpio.o(i.GPIOIntClear) for GPIOIntClear
    main.o(.ARM.exidx.text.GPIOA_Handler) refers to main.o(.text.GPIOA_Handler) for [Anonymous Symbol]
    main.o(.text.MSISR) refers to main.o(.bss.xStuckSema) for xStuckSema
    main.o(.text.MSISR) refers to queue.o(.text.xQueueSemaphoreTake) for xQueueSemaphoreTake
    main.o(.text.MSISR) refers to main.o(.bss.xStuckMutex) for xStuckMutex
    main.o(.text.MSISR) refers to gpio.o(i.GPIOPinWrite) for GPIOPinWrite
    main.o(.text.MSISR) refers to tasks.o(.text.vTaskDelay) for vTaskDelay
    main.o(.text.MSISR) refers to queue.o(.text.xQueueGenericSend) for xQueueGenericSend
    main.o(.ARM.exidx.text.MSISR) refers to main.o(.text.MSISR) for [Anonymous Symbol]
    main.o(.text.UpLimit) refers to main.o(.bss.xUpSema) for xUpSema
    main.o(.text.UpLimit) refers to queue.o(.text.xQueueSemaphoreTake) for xQueueSemaphoreTake
    main.o(.text.UpLimit) refers to gpio.o(i.GPIOPinRead) for GPIOPinRead
    main.o(.text.UpLimit) refers to gpio.o(i.GPIOPinWrite) for GPIOPinWrite
    main.o(.ARM.exidx.text.UpLimit) refers to main.o(.text.UpLimit) for [Anonymous Symbol]
    main.o(.text.DownLimit) refers to main.o(.bss.xDownSema) for xDownSema
    main.o(.text.DownLimit) refers to queue.o(.text.xQueueSemaphoreTake) for xQueueSemaphoreTake
    main.o(.text.DownLimit) refers to gpio.o(i.GPIOPinRead) for GPIOPinRead
    main.o(.text.DownLimit) refers to gpio.o(i.GPIOPinWrite) for GPIOPinWrite
    main.o(.ARM.exidx.text.DownLimit) refers to main.o(.text.DownLimit) for [Anonymous Symbol]
    main.o(.text.DriverDownListen) refers to main.o(.bss.xStuckMutex) for xStuckMutex
    main.o(.text.DriverDownListen) refers to queue.o(.text.xQueueGetMutexHolder) for xQueueGetMutexHolder
    main.o(.text.DriverDownListen) refers to main.o(.bss.xISRTASK) for xISRTASK
    main.o(.text.DriverDownListen) refers to main.o(.bss.xMovingSema) for xMovingSema
    main.o(.text.DriverDownListen) refers to queue.o(.text.xQueueSemaphoreTake) for xQueueSemaphoreTake
    main.o(.text.DriverDownListen) refers to gpio.o(i.GPIOPinRead) for GPIOPinRead
    main.o(.text.DriverDownListen) refers to main.o(.bss.xWindowQueue) for xWindowQueue
    main.o(.text.DriverDownListen) refers to queue.o(.text.xQueueGenericSend) for xQueueGenericSend
    main.o(.ARM.exidx.text.DriverDownListen) refers to main.o(.text.DriverDownListen) for [Anonymous Symbol]
    main.o(.text.DriverUpListen) refers to main.o(.bss.xStuckMutex) for xStuckMutex
    main.o(.text.DriverUpListen) refers to queue.o(.text.xQueueGetMutexHolder) for xQueueGetMutexHolder
    main.o(.text.DriverUpListen) refers to main.o(.bss.xISRTASK) for xISRTASK
    main.o(.text.DriverUpListen) refers to main.o(.bss.xMovingSema) for xMovingSema
    main.o(.text.DriverUpListen) refers to queue.o(.text.xQueueSemaphoreTake) for xQueueSemaphoreTake
    main.o(.text.DriverUpListen) refers to gpio.o(i.GPIOPinRead) for GPIOPinRead
    main.o(.text.DriverUpListen) refers to main.o(.bss.xWindowQueue) for xWindowQueue
    main.o(.text.DriverUpListen) refers to queue.o(.text.xQueueGenericSend) for xQueueGenericSend
    main.o(.ARM.exidx.text.DriverUpListen) refers to main.o(.text.DriverUpListen) for [Anonymous Symbol]
    main.o(.text.PassDownListen) refers to main.o(.bss.xStuckMutex) for xStuckMutex
    main.o(.text.PassDownListen) refers to queue.o(.text.xQueueGetMutexHolder) for xQueueGetMutexHolder
    main.o(.text.PassDownListen) refers to main.o(.bss.xISRTASK) for xISRTASK
    main.o(.text.PassDownListen) refers to main.o(.bss.xMovingSema) for xMovingSema
    main.o(.text.PassDownListen) refers to queue.o(.text.xQueueSemaphoreTake) for xQueueSemaphoreTake
    main.o(.text.PassDownListen) refers to gpio.o(i.GPIOPinRead) for GPIOPinRead
    main.o(.text.PassDownListen) refers to main.o(.bss.xWindowQueue) for xWindowQueue
    main.o(.text.PassDownListen) refers to queue.o(.text.xQueueGenericSend) for xQueueGenericSend
    main.o(.ARM.exidx.text.PassDownListen) refers to main.o(.text.PassDownListen) for [Anonymous Symbol]
    main.o(.text.PassUpListen) refers to main.o(.bss.xStuckMutex) for xStuckMutex
    main.o(.text.PassUpListen) refers to queue.o(.text.xQueueGetMutexHolder) for xQueueGetMutexHolder
    main.o(.text.PassUpListen) refers to main.o(.bss.xISRTASK) for xISRTASK
    main.o(.text.PassUpListen) refers to main.o(.bss.xMovingSema) for xMovingSema
    main.o(.text.PassUpListen) refers to queue.o(.text.xQueueSemaphoreTake) for xQueueSemaphoreTake
    main.o(.text.PassUpListen) refers to gpio.o(i.GPIOPinRead) for GPIOPinRead
[...]
    [Anonymous Symbol]                       0x00001078   Section        0  clib_arm.o(.text._mutex_initialize)
    __tagsym$$used.2                         0x00001120   Number         0  clib_arm.o(.text._mutex_release)
    [Anonymous Symbol]                       0x00001120   Section        0  clib_arm.o(.text._mutex_release)
    [Anonymous Symbol]                       0x0000114c   Section        0  clib_arm.o(.text._platform_post_stackheap_init)
    is_thread_mode                           0x00001151   Thumb Code    32  clib_arm.o(.text.is_thread_mode)
    [Anonymous Symbol]                       0x00001150   Section        0  clib_arm.o(.text.is_thread_mode)
    [Anonymous Symbol]                       0x00001170   Section        0  main.o(.text.main)
    os_kernel_is_active                      0x000014a1   Thumb Code    32  clib_arm.o(.text.os_kernel_is_active)
    [Anonymous Symbol]                       0x000014a0   Section        0  clib_arm.o(.text.os_kernel_is_active)
    prvAddCurrentTaskToDelayedList           0x000014c1   Thumb Code   250  tasks.o(.text.prvAddCurrentTaskToDelayedList)
    [Anonymous Symbol]                       0x000014c0   Section        0  tasks.o(.text.prvAddCurrentTaskToDelayedList)
    prvAddNewTaskToReadyList                 0x000015bd   Thumb Code   352  tasks.o(.text.prvAddNewTaskToReadyList)
    [Anonymous Symbol]                       0x000015bc   Section        0  tasks.o(.text.prvAddNewTaskToReadyList)
    prvCheckForValidListAndQueue             0x0000171d   Thumb Code   126  timers.o(.text.prvCheckForValidListAndQueue)
    [Anonymous Symbol]                       0x0000171c   Section        0  timers.o(.text.prvCheckForValidListAndQueue)
    prvCheckTasksWaitingTermination          0x0000179d   Thumb Code    90  tasks.o(.text.prvCheckTasksWaitingTermination)
    [Anonymous Symbol]                       0x0000179c   Section        0  tasks.o(.text.prvCheckTasksWaitingTermination)
    prvCopyDataFromQueue                     0x000017f9   Thumb Code    66  queue.o(.text.prvCopyDataFromQueue)
    [Anonymous Symbol]                       0x000017f8   Section        0  queue.o(.text.prvCopyDataFromQueue)
    prvCopyDataToQueue                       0x0000183d   Thumb Code   204  queue.o(.text.prvCopyDataToQueue)
    [Anonymous Symbol]                       0x0000183c   Section        0  queue.o(.text.prvCopyDataToQueue)
    prvDeleteTCB                             0x00001909   Thumb Code    60  tasks.o(.text.prvDeleteTCB)
    [Anonymous Symbol]                       0x00001908   Section        0  tasks.o(.text.prvDeleteTCB)
    prvGetDisinheritPriorityAfterTimeout     0x00001945   Thumb Code    38  queue.o(.text.prvGetDisinheritPriorityAfterTimeout)
    [Anonymous Symbol]                       0x00001944   Section        0  queue.o(.text.prvGetDisinheritPriorityAfterTimeout)
    prvGetNextExpireTime                     0x0000196d   Thumb Code    64  timers.o(.text.prvGetNextExpireTime)
    [Anonymous Symbol]                       0x0000196c   Section        0  timers.o(.text.prvGetNextExpireTime)
    prvIdleTask                              0x000019ad   Thumb Code    56  tasks.o(.text.prvIdleTask)
    [Anonymous Symbol]                       0x000019ac   Section        0  tasks.o(.text.prvIdleTask)
    prvInitialiseMutex                       0x000019e5   Thumb Code    44  queue.o(.text.prvInitialiseMutex)
    [Anonymous Symbol]                       0x000019e4   Section        0  queue.o(.text.prvInitialiseMutex)
    prvInitialiseNewQueue                    0x00001a11   Thumb Code    72  queue.o(.text.prvInitialiseNewQueue)
    [Anonymous Symbol]                       0x00001a10   Section        0  queue.o(.text.prvInitialiseNewQueue)
    prvInitialiseNewTask                     0x00001a59   Thumb Code   230  tasks.o(.text.prvInitialiseNewTask)
    [Anonymous Symbol]                       0x00001a58   Section        0  tasks.o(.text.prvInitialiseNewTask)
    prvInitialiseTaskLists                   0x00001b41   Thumb Code   142  tasks.o(.text.prvInitialiseTaskLists)
    [Anonymous Symbol]                       0x00001b40   Section        0  tasks.o(.text.prvInitialiseTaskLists)
    prvInsertTimerInActiveList               0x00001bd1   Thumb Code   134  timers.o(.text.prvInsertTimerInActiveList)
    [Anonymous Symbol]                       0x00001bd0   Section        0  timers.o(.text.prvInsertTimerInActiveList)
    prvIsQueueEmpty                          0x00001c59   Thumb Code    40  queue.o(.text.prvIsQueueEmpty)
    [Anonymous Symbol]                       0x00001c58   Section        0  queue.o(.text.prvIsQueueEmpty)
    prvIsQueueFull                           0x00001c81   Thumb Code    46  queue.o(.text.prvIsQueueFull)
    [Anonymous Symbol]                       0x00001c80   Section        0  queue.o(.text.prvIsQueueFull)
    prvPortStartFirstTask                    0x00001cb1   Thumb Code    40  port.o(.text.prvPortStartFirstTask)
    [Anonymous Symbol]                       0x00001cb0   Section        0  port.o(.text.prvPortStartFirstTask)
    prvProcessExpiredTimer                   0x00001cd9   Thumb Code    84  timers.o(.text.prvProcessExpiredTimer)
    [Anonymous Symbol]                       0x00001cd8   Section        0  timers.o(.text.prvProcessExpiredTimer)
    prvProcessReceivedCommands               0x00001d2d   Thumb Code   324  timers.o(.text.prvProcessReceivedCommands)
    [Anonymous Symbol]                       0x00001d2c   Section        0  timers.o(.text.prvProcessReceivedCommands)
    prvProcessTimerOrBlockTask               0x00001e71   Thumb Code   154  timers.o(.text.prvProcessTimerOrBlockTask)
    [Anonymous Symbol]                       0x00001e70   Section        0  timers.o(.text.prvProcessTimerOrBlockTask)
    prvReloadTimer                           0x00001f0d   Thumb Code    52  timers.o(.text.prvReloadTimer)
    [Anonymous Symbol]                       0x00001f0c   Section        0  timers.o(.text.prvReloadTimer)
    prvResetNextTaskUnblockTime              0x00001f41   Thumb Code    60  tasks.o(.text.prvResetNextTaskUnblockTime)
    [Anonymous Symbol]                       0x00001f40   Section        0  tasks.o(.text.prvResetNextTaskUnblockTime)
    prvSampleTimeNow                         0x00001f7d   Thumb Code    68  timers.o(.text.prvSampleTimeNow)
    [Anonymous Symbol]                       0x00001f7c   Section        0  timers.o(.text.prvSampleTimeNow)
    prvSwitchTimerLists                      0x00001fc1   Thumb Code    82  timers.o(.text.prvSwitchTimerLists)
    [Anonymous Symbol]                       0x00001fc0   Section        0  timers.o(.text.prvSwitchTimerLists)
    prvTaskExitError                         0x00002015   Thumb Code    38  port.o(.text.prvTaskExitError)
    [Anonymous Symbol]                       0x00002014   Section        0  port.o(.text.prvTaskExitError)
    prvTimerTask                             0x0000203d   Thumb Code    30  timers.o(.text.prvTimerTask)
    [Anonymous Symbol]                       0x0000203c   Section        0  timers.o(.text.prvTimerTask)
    prvUnlockQueue                           0x0000205d   Thumb Code   174  queue.o(.text.prvUnlockQueue)
    [Anonymous Symbol]                       0x0000205c   Section        0  queue.o(.text.prvUnlockQueue)
    [Anonymous Symbol]                       0x0000210c   Section        0  heap_1.o(.text.pvPortMalloc)
    [Anonymous Symbol]                       0x000021cc   Section        0  tasks.o(.text.pvTaskIncrementMutexHeldCount)
    [Anonymous Symbol]                       0x000021f8   Section        0  port.o(.text.pxPortInitialiseStack)
    [Anonymous Symbol]                       0x00002258   Section        0  list.o(.text.uxListRemove)
    [Anonymous Symbol]                       0x000022a0   Section        0  tasks.o(.text.uxTaskGetNumberOfTasks)
    [Anonymous Symbol]                       0x000022ac   Section        0  cmsis_os2.o(.text.vApplicationGetIdleTaskMemory)
    [Anonymous Symbol]                       0x000022d8   Section        0  cmsis_os2.o(.text.vApplicationGetTimerTaskMemory)
    [Anonymous Symbol]                       0x00002304   Section        0  cmsis_os2.o(.text.vApplicationStackOverflowHook)
    [Anonymous Symbol]                       0x00002310   Section        0  list.o(.text.vListInitialise)
    [Anonymous Symbol]                       0x00002340   Section        0  list.o(.text.vListInitialiseItem)
    [Anonymous Symbol]                       0x00002350   Section        0  list.o(.text.vListInsert)
    vPortEnableVFP                           0x000023bd   Thumb Code    20  port.o(.text.vPortEnableVFP)
    [Anonymous Symbol]                       0x000023bc   Section        0  port.o(.text.vPortEnableVFP)
    [Anonymous Symbol]                       0x000023d0   Section        0  port.o(.text.vPortEnterCritical)
    [Anonymous Symbol]                       0x00002400   Section        0  port.o(.text.vPortExitCritical)
    [Anonymous Symbol]                       0x00002428   Section        0  heap_1.o(.text.vPortFree)
    [Anonymous Symbol]                       0x00002430   Section        0  port.o(.text.vPortSetupTimerInterrupt)
    [Anonymous Symbol]                       0x00002474   Section        0  queue.o(.text.vQueueDelete)
    [Anonymous Symbol]                       0x00002498   Section        0  queue.o(.text.vQueueWaitForMessageRestricted)
    [Anonymous Symbol]                       0x000024fc   Section        0  tasks.o(.text.vTaskDelay)
    [Anonymous Symbol]                       0x00002548   Section        0  tasks.o(.text.vTaskInternalSetTimeOutState)
    [Anonymous Symbol]                       0x0000256c   Section        0  tasks.o(.text.vTaskMissedYield)
    [Anonymous Symbol]                       0x0000257c   Section        0  tasks.o(.text.vTaskPlaceOnEventList)
    [Anonymous Symbol]                       0x000025a4   Section        0  tasks.o(.text.vTaskPlaceOnEventListRestricted)
    [Anonymous Symbol]                       0x00002604   Section        0  tasks.o(.text.vTaskPriorityDisinheritAfterTimeout)
    [Anonymous Symbol]                       0x00002730   Section        0  tasks.o(.text.vTaskStartScheduler)
    [Anonymous Symbol]                       0x000027f4   Section        0  tasks.o(.text.vTaskSuspendAll)
    __tagsym$$used.0                         0x00002804   Number         0  tasks.o(.text.vTaskSwitchContext)
    [Anonymous Symbol]                       0x00002804   Section        0  tasks.o(.text.vTaskSwitchContext)
    [Anonymous Symbol]                       0x00002908   Section        0  port.o(.text.xPortStartScheduler)
    [Anonymous Symbol]                       0x0000295c   Section        0  port.o(.text.xPortSysTickHandler)
    [Anonymous Symbol]                       0x00002998   Section        0  queue.o(.text.xQueueCreateMutex)
    [Anonymous Symbol]                       0x000029c0   Section        0  queue.o(.text.xQueueCreateMutexStatic)
    [Anonymous Symbol]                       0x000029f4   Section        0  queue.o(.text.xQueueGenericCreate)
    [Anonymous Symbol]                       0x00002a7c   Section        0  queue.o(.text.xQueueGenericCreateStatic)
    [Anonymous Symbol]                       0x00002ae8   Section        0  queue.o(.text.xQueueGenericReset)
    [Anonymous Symbol]                       0x00002bb8   Section        0  queue.o(.text.xQueueGenericSend)
    [Anonymous Symbol]                       0x00002d24   Section        0  queue.o(.text.xQueueGetMutexHolder)
    [Anonymous Symbol]                       0x00002d54   Section        0  queue.o(.text.xQueueGiveFromISR)
    [Anonymous Symbol]                       0x00002e18   Section        0  queue.o(.text.xQueueReceive)
    [Anonymous Symbol]                       0x00002f6c   Section        0  queue.o(.text.xQueueSemaphoreTake)
    [Anonymous Symbol]                       0x0000310c   Section        0  tasks.o(.text.xTaskCheckForTimeOut)
    [Anonymous Symbol]                       0x000031a8   Section        0  tasks.o(.text.xTaskCreate)
    [Anonymous Symbol]                       0x00003250   Section        0  tasks.o(.text.xTaskCreateStatic)
    [Anonymous Symbol]                       0x000032cc   Section        0  tasks.o(.text.xTaskGetSchedulerState)
    [Anonymous Symbol]                       0x00003304   Section        0  tasks.o(.text.xTaskGetTickCount)
    [Anonymous Symbol]                       0x00003318   Section        0  tasks.o(.text.xTaskIncrementTick)
    [Anonymous Symbol]                       0x00003560   Section        0  tasks.o(.text.xTaskPriorityDisinherit)
    [Anonymous Symbol]                       0x00003648   Section        0  tasks.o(.text.xTaskPriorityInherit)
    [Anonymous Symbol]                       0x00003798   Section        0  tasks.o(.text.xTaskRemoveFromEventList)
    [Anonymous Symbol]                       0x00003914   Section        0  tasks.o(.text.xTaskResumeAll)
    [Anonymous Symbol]                       0x00003b20   Section        0  timers.o(.text.xTimerCreateTimerTask)
    i.GPIODirModeSet                         0x00003b98   Section        0  gpio.o(i.GPIODirModeSet)
    i.GPIOIntClear                           0x00003bc0   Section        0  gpio.o(i.GPIOIntClear)
    i.GPIOIntDisable                         0x00003bc6   Section        0  gpio.o(i.GPIOIntDisable)
    i.GPIOIntEnable                          0x00003bd4   Section        0  gpio.o(i.GPIOIntEnable)
    i.GPIOIntTypeSet                         0x00003be0   Section        0  gpio.o(i.GPIOIntTypeSet)
    i.GPIOPadConfigSet                       0x00003c30   Section        0  gpio.o(i.GPIOPadConfigSet)
    i.GPIOPinRead                            0x00003d68   Section        0  gpio.o(i.GPIOPinRead)
    i.GPIOPinTypeGPIOInput                   0x00003d6e   Section        0  gpio.o(i.GPIOPinTypeGPIOInput)
    i.GPIOPinTypeGPIOOutput                  0x00003d8a   Section        0  gpio.o(i.GPIOPinTypeGPIOOutput)
    i.GPIOPinWrite                           0x00003da6   Section        0  gpio.o(i.GPIOPinWrite)
    i.IntEnable                              0x00003dac   Section        0  interrupt.o(i.IntEnable)
    i.IntMasterEnable                        0x00003e10   Section        0  interrupt.o(i.IntMasterEnable)
    i.SysCtlPeripheralEnable                 0x00003e20   Section        0  sysctl.o(i.SysCtlPeripheralEnable)
    i.SysCtlPeripheralReady                  0x00003e48   Section        0  sysctl.o(i.SysCtlPeripheralReady)
    $v0                                      0x00003e74   Number         0  fpinit.o(x$fpl$fpinit)
    x$fpl$fpinit                             0x00003e74   Section       26  fpinit.o(x$fpl$fpinit)
    g_pui32Priority                          0x00003e90   Data          32  interrupt.o(.constdata)
    .constdata                               0x00003e90   Section      268  interrupt.o(.constdata)
    g_pui32Regs                              0x00003eb0   Data         156  interrupt.o(.constdata)
    g_pui32EnRegs                            0x00003f4c   Data          20  interrupt.o(.constdata)
    g_pui32Dii16Regs                         0x00003f60   Data          20  interrupt.o(.constdata)
    g_pui32PendRegs                          0x00003f74   Data          20  interrupt.o(.constdata)
    g_pui32UnpendRegs                        0x00003f88   Data          20  interrupt.o(.constdata)
    .L.str.7                                 0x00003f9c   Data           8  main.o(.rodata.str1.1)
    [Anonymous Symbol]                       0x00003f9c   Section        0  main.o(.rodata.str1.1)
    .L.str.3                                 0x00003fa4   Data          17  main.o(.rodata.str1.1)
    .L.str.1                                 0x00003fb5   Data          14  main.o(.rodata.str1.1)
    .L.str.2                                 0x00003fc3   Data          17  main.o(.rodata.str1.1)
    .L.str                                   0x00003fd4   Data          14  main.o(.rodata.str1.1)
    .L.str.4                                 0x00003fe2   Data          12  main.o(.rodata.str1.1)
    .L.str.6                                 0x00003fee   Data          10  main.o(.rodata.str1.1)
    .L.str.5                                 0x00003ff8   Data           8  main.o(.rodata.str1.1)
    .L.str                                   0x00004000   Data           5  tasks.o(.rodata.str1.1)
    [Anonymous Symbol]                       0x00004000   Section        0  tasks.o(.rodata.str1.1)
    .L.str                                   0x00004005   Data           8  timers.o(.rodata.str1.1)
    [Anonymous Symbol]                       0x00004005   Section        0  timers.o(.rodata.str1.1)
    uxCriticalNesting                        0x20000004   Data           4  port.o(.data.uxCriticalNesting)
    [Anonymous Symbol]                       0x20000004   Section        0  port.o(.data.uxCriticalNesting)
    .bss                                     0x20000008   Section       96  libspace.o(.bss)
    clib_mutex_cb                            0x20000068   Data         400  clib_arm.o(.bss.clib_mutex_cb)
    [Anonymous Symbol]                       0x20000068   Section        0  clib_arm.o(.bss.clib_mutex_cb)
    clib_mutex_id                            0x200001f8   Data          20  clib_arm.o(.bss.clib_mutex_id)
    [Anonymous Symbol]                       0x200001f8   Section        0  clib_arm.o(.bss.clib_mutex_id)
    prvCheckForValidListAndQueue.ucStaticTimerQueueStorage 0x2000020c   Data          80  timers.o(.bss.prvCheckForValidListAndQueue.ucStaticTimerQueueStorage)
    [Anonymous Symbol]                       0x2000020c   Section        0  timers.o(.bss.prvCheckForValidListAndQueue.ucStaticTimerQueueStorage)
    prvCheckForValidListAndQueue.xStaticTimerQueue 0x2000025c   Data          80  timers.o(.bss.prvCheckForValidListAndQueue.xStaticTimerQueue)
    [Anonymous Symbol]                       0x2000025c   Section        0  timers.o(.bss.prvCheckForValidListAndQueue.xStaticTimerQueue)
    prvSampleTimeNow.xLastTime               0x200002ac   Data           4  timers.o(.bss.prvSampleTimeNow.xLastTime)
    [Anonymous Symbol]                       0x200002ac   Section        0  timers.o(.bss.prvSampleTimeNow.xLastTime)
    pvPortMalloc.pucAlignedHeap              0x200002b0   Data           4  heap_1.o(.bss.pvPortMalloc.pucAlignedHeap)
    [Anonymous Symbol]                       0x200002b0   Section        0  heap_1.o(.bss.pvPortMalloc.pucAlignedHeap)
    __tagsym$$used.1                         0x200002b4   Number         0  tasks.o(.bss.pxCurrentTCB)
    pxCurrentTimerList                       0x200002b8   Data           4  timers.o(.bss.pxCurrentTimerList)
    [Anonymous Symbol]                       0x200002b8   Section        0  timers.o(.bss.pxCurrentTimerList)
    pxDelayedTaskList                        0x200002bc   Data           4  tasks.o(.bss.pxDelayedTaskList)
    [Anonymous Symbol]                       0x200002bc   Section        0  tasks.o(.bss.pxDelayedTaskList)
    pxOverflowDelayedTaskList                0x200002c0   Data           4  tasks.o(.bss.pxOverflowDelayedTaskList)
    [Anonymous Symbol]                       0x200002c0   Section        0  tasks.o(.bss.pxOverflowDelayedTaskList)
    pxOverflowTimerList                      0x200002c4   Data           4  timers.o(.bss.pxOverflowTimerList)
    [Anonymous Symbol]                       0x200002c4   Section        0  timers.o(.bss.pxOverflowTimerList)
    pxReadyTasksLists                        0x200002c8   Data        1120  tasks.o(.bss.pxReadyTasksLists)
    [Anonymous Symbol]                       0x200002c8   Section        0  tasks.o(.bss.pxReadyTasksLists)
    ucHeap                                   0x20000728   Data        8192  heap_1.o(.bss.ucHeap)
    [Anonymous Symbol]                       0x20000728   Section        0  heap_1.o(.bss.ucHeap)
    uxCurrentNumberOfTasks                   0x20002728   Data           4  tasks.o(.bss.uxCurrentNumberOfTasks)
    [Anonymous Symbol]                       0x20002728   Section        0  tasks.o(.bss.uxCurrentNumberOfTasks)
    uxDeletedTasksWaitingCleanUp             0x2000272c   Data           4  tasks.o(.bss.uxDeletedTasksWaitingCleanUp)
    [Anonymous Symbol]                       0x2000272c   Section        0  tasks.o(.bss.uxDeletedTasksWaitingCleanUp)
    uxSchedulerSuspended                     0x20002730   Data           4  tasks.o(.bss.uxSchedulerSuspended)
    [Anonymous Symbol]                       0x20002730   Section        0  tasks.o(.bss.uxSchedulerSuspended)
    uxTaskNumber                             0x20002734   Data           4  tasks.o(.bss.uxTaskNumber)
    [Anonymous Symbol]                       0x20002734   Section        0  tasks.o(.bss.uxTaskNumber)
    uxTopReadyPriority                       0x20002738   Data           4  tasks.o(.bss.uxTopReadyPriority)
    [Anonymous Symbol]                       0x20002738   Section        0  tasks.o(.bss.uxTopReadyPriority)
    vApplicationGetIdleTaskMemory.Idle_Stack 0x2000273c   Data         512  cmsis_os2.o(.bss.vApplicationGetIdleTaskMemory.Idle_Stack)
    [Anonymous Symbol]                       0x2000273c   Section        0  cmsis_os2.o(.bss.vApplicationGetIdleTaskMemory.Idle_Stack)
    vApplicationGetIdleTaskMemory.Idle_TCB   0x2000293c   Data          92  cmsis_os2.o(.bss.vApplicationGetIdleTaskMemory.Idle_TCB)
    [Anonymous Symbol]                       0x2000293c   Section        0  cmsis_os2.o(.bss.vApplicationGetIdleTaskMemory.Idle_TCB)
    vApplicationGetTimerTaskMemory.Timer_Stack 0x20002998   Data         320  cmsis_os2.o(.bss.vApplicationGetTimerTaskMemory.Timer_Stack)
    [Anonymous Symbol]                       0x20002998   Section        0  cmsis_os2.o(.bss.vApplicationGetTimerTaskMemory.Timer_Stack)
    vApplicationGetTimerTaskMemory.Timer_TCB 0x20002ad8   Data          92  cmsis_os2.o(.bss.vApplicationGetTimerTaskMemory.Timer_TCB)
    [Anonymous Symbol]                       0x20002ad8   Section        0  cmsis_os2.o(.bss.vApplicationGetTimerTaskMemory.Timer_TCB)
    xActiveTimerList1                        0x20002b34   Data          20  timers.o(.bss.xActiveTimerList1)
    [Anonymous Symbol]                       0x20002b34   Section        0  timers.o(.bss.xActiveTimerList1)
    xActiveTimerList2                        0x20002b48   Data          20  timers.o(.bss.xActiveTimerList2)
    [Anonymous Symbol]                       0x20002b48   Section        0  timers.o(.bss.xActiveTimerList2)
    xDelayedTaskList1                        0x20002b5c   Data          20  tasks.o(.bss.xDelayedTaskList1)
    [Anonymous Symbol]                       0x20002b5c   Section        0  tasks.o(.bss.xDelayedTaskList1)
    xDelayedTaskList2                        0x20002b70   Data          20  tasks.o(.bss.xDelayedTaskList2)
    [Anonymous Symbol]                       0x20002b70   Section        0  tasks.o(.bss.xDelayedTaskList2)
    xIdleTaskHandle                          0x20002b90   Data           4  tasks.o(.bss.xIdleTaskHandle)
    [Anonymous Symbol]                       0x20002b90   Section        0  tasks.o(.bss.xIdleTaskHandle)
    xNextFreeByte                            0x20002b98   Data           4  heap_1.o(.bss.xNextFreeByte)
    [Anonymous Symbol]                       0x20002b98   Section        0  heap_1.o(.bss.xNextFreeByte)
    xNextTaskUnblockTime                     0x20002b9c   Data           4  tasks.o(.bss.xNextTaskUnblockTime)
    [Anonymous Symbol]                       0x20002b9c   Section        0  tasks.o(.bss.xNextTaskUnblockTime)
    xNumOfOverflows                          0x20002ba0   Data           4  tasks.o(.bss.xNumOfOverflows)
    [Anonymous Symbol]                       0x20002ba0   Section        0  tasks.o(.bss.xNumOfOverflows)
    xPendedTicks                             0x20002ba4   Data           4  tasks.o(.bss.xPendedTicks)
    [Anonymous Symbol]                       0x20002ba4   Section        0  tasks.o(.bss.xPendedTicks)
    xPendingReadyList                        0x20002ba8   Data          20  tasks.o(.bss.xPendingReadyList)
    [Anonymous Symbol]                       0x20002ba8   Section        0  tasks.o(.bss.xPendingReadyList)
    xSchedulerRunning                        0x20002bbc   Data           4  tasks.o(.bss.xSchedulerRunning)
    [Anonymous Symbol]                       0x20002bbc   Section        0  tasks.o(.bss.xSchedulerRunning)
    xSuspendedTaskList                       0x20002bc8   Data          20  tasks.o(.bss.xSuspendedTaskList)
    [Anonymous Symbol]                       0x20002bc8   Section        0  tasks.o(.bss.xSuspendedTaskList)
    xTasksWaitingTermination                 0x20002bdc   Data          20  tasks.o(.bss.xTasksWaitingTermination)
    [Anonymous Symbol]                       0x20002bdc   Section        0  tasks.o(.bss.xTasksWaitingTermination)
    xTickCount                               0x20002bf0   Data           4  tasks.o(.bss.xTickCount)
    [Anonymous Symbol]                       0x20002bf0   Section        0  tasks.o(.bss.xTickCount)
    xTimerQueue                              0x20002bf4   Data           4  timers.o(.bss.xTimerQueue)
    [Anonymous Symbol]                       0x20002bf4   Section        0  timers.o(.bss.xTimerQueue)
    xTimerTaskHandle                         0x20002bf8   Data           4  timers.o(.bss.xTimerTaskHandle)
    [Anonymous Symbol]                       0x20002bf8   Section        0  timers.o(.bss.xTimerTaskHandle)
    xYieldPending                            0x20002c04   Data           4  tasks.o(.bss.xYieldPending)
    [Anonymous Symbol]                       0x20002c04   Section        0  tasks.o(.bss.xYieldPending)
    Heap_Mem                                 0x20002c08   Data           0  startup_tm4c123.o(HEAP)
    Stack_Mem                                0x20002c08   Data         512  startup_tm4c123.o(STACK)
    HEAP                                     0x20002c08   Section        0  startup_tm4c123.o(HEAP)
    STACK                                    0x20002c08   Section      512  startup_tm4c123.o(STACK)
    __initial_sp                             0x20002e08   Data           0  startup_tm4c123.o(STACK)

    Global Symbols

    Symbol Name                              Value     Ov Type        Size  Object(Section)

    BuildAttributes$$THM_ISAv4$E$P$D$K$B$S$7EM$VFPi3$EXTD16$VFPS$VFMA$PE$A:L22UL41UL21$X:L11$S22US41US21$IEEE1$IW$~IW$USESV6$~STKCKD$USESV7$~SHL$OTIME$ROPI$EBA8$UX$STANDARDLIB$REQ8$PRES8$EABIv2 0x00000000   Number         0  anon$$obj.o ABSOLUTE
    __Vectors                                0x00000000   Data           4  startup_tm4c123.o(RESET)
    __ARM_exceptions_init                     - Undefined Weak Reference
    __alloca_initialize                       - Undefined Weak Reference
    __arm_preinit_                            - Undefined Weak Reference
    __arm_relocate_pie_                       - Undefined Weak Reference
    __cpp_initialize__aeabi_                  - Undefined Weak Reference
    __cxa_finalize                            - Undefined Weak Reference
    __rt_locale                               - Undefined Weak Reference
    __sigvec_lookup                           - Undefined Weak Reference
    _atexit_init                              - Undefined Weak Reference
    _call_atexit_fns                          - Undefined Weak Reference
    _clock_init                               - Undefined Weak Reference
    _fp_trap_init                             - Undefined Weak Reference
    _fp_trap_shutdown                         - Undefined Weak Reference
    _get_lc_collate                           - Undefined Weak Reference
    _get_lc_ctype                             - Undefined Weak Reference
    _get_lc_monetary                          - Undefined Weak Reference
    _get_lc_numeric                           - Undefined Weak Reference
    _get_lc_time                              - Undefined Weak Reference
    _getenv_init                              - Undefined Weak Reference
    _handle_redirection                       - Undefined Weak Reference
    _init_alloc                               - Undefined Weak Reference
    _init_user_alloc                          - Undefined Weak Reference
    _initio                                   - Undefined Weak Reference
    _rand_init                                - Undefined Weak Reference
    _signal_finish                            - Undefined Weak Reference
    _signal_init                              - Undefined Weak Reference
    _terminate_alloc                          - Undefined Weak Reference
    _terminate_user_alloc                     - Undefined Weak Reference
    _terminateio                              - Undefined Weak Reference
    __Vectors_End                            0x0000026c   Data           0  startup_tm4c123.o(RESET)
    __Vectors_Size                           0x0000026c   Number         0  startup_tm4c123.o ABSOLUTE
    __main                                   0x0000026d   Thumb Code     8  __main.o(!!!main)
    __scatterload                            0x00000275   Thumb Code     0  __scatter.o(!!!scatter)
    __scatterload_rt2                        0x00000275   Thumb Code    44  __scatter.o(!!!scatter)
    __scatterload_rt2_thumb_only             0x00000275   Thumb Code     0  __scatter.o(!!!scatter)
    __scatterload_null                       0x00000283   Thumb Code     0  __scatter.o(!!!scatter)
    __scatterload_copy                       0x000002a9   Thumb Code    26  __scatter_copy.o(!!handler_copy)
    __scatterload_zeroinit                   0x000002c5   Thumb Code    28  __scatter_zi.o(!!handler_zi)
    __rt_lib_init                            0x000002e1   Thumb Code     0  libinit.o(.ARM.Collect$$libinit$$00000000)
    __rt_lib_init_fp_1                       0x000002e3   Thumb Code     0  libinit2.o(.ARM.Collect$$libinit$$00000001)
    __rt_lib_init_alloca_1                   0x000002e7   Thumb Code     0  libinit2.o(.ARM.Collect$$libinit$$00000030)
    __rt_lib_init_argv_1                     0x000002e7   Thumb Code     0  libinit2.o(.ARM.Collect$$libinit$$0000002E)
    __rt_lib_init_atexit_1                   0x000002e7   Thumb Code     0  libinit2.o(.ARM.Collect$$libinit$$0000001D)
    __rt_lib_init_clock_1                    0x000002e7   Thumb Code     0  libinit2.o(.ARM.Collect$$libinit$$00000023)
    __rt_lib_init_cpp_1                      0x000002e7   Thumb Code     0  libinit2.o(.ARM.Collect$$libinit$$00000034)
    __rt_lib_init_exceptions_1               0x000002e7   Thumb Code     0  libinit2.o(.ARM.Collect$$libinit$$00000032)
    __rt_lib_init_fp_trap_1                  0x000002e7   Thumb Code     0  libinit2.o(.ARM.Collect$$libinit$$00000021)
    __rt_lib_init_getenv_1                   0x000002e7   Thumb Code     0  libinit2.o(.ARM.Collect$$libinit$$00000025)
    __rt_lib_init_heap_1                     0x000002e7   Thumb Code     0  libinit2.o(.ARM.Collect$$libinit$$0000000C)
    __rt_lib_init_lc_collate_1               0x000002e7   Thumb Code     0  libinit2.o(.ARM.Collect$$libinit$$00000013)
    __rt_lib_init_lc_ctype_1                 0x000002e7   Thumb Code     0  libinit2.o(.ARM.Collect$$libinit$$00000015)
    __rt_lib_init_lc_monetary_1              0x000002e7   Thumb Code     0  libinit2.o(.ARM.Collect$$libinit$$00000017)
    __rt_lib_init_lc_numeric_1               0x000002e7   Thumb Code     0  libinit2.o(.ARM.Collect$$libinit$$00000019)
    __rt_lib_init_lc_time_1                  0x000002e7   Thumb Code     0  libinit2.o(.ARM.Collect$$libinit$$0000001B)
    __rt_lib_init_preinit_1                  0x000002e7   Thumb Code     0  libinit2.o(.ARM.Collect$$libinit$$00000006)
    __rt_lib_init_rand_1                     0x000002e7   Thumb Code     0  libinit2.o(.ARM.Collect$$libinit$$00000010)
    __rt_lib_init_relocate_pie_1             0x000002e7   Thumb Code     0  libinit2.o(.ARM.Collect$$libinit$$00000004)
    __rt_lib_init_return                     0x000002e7   Thumb Code     0  libinit2.o(.ARM.Collect$$libinit$$00000035)
    __rt_lib_init_signal_1                   0x000002e7   Thumb Code     0  libinit2.o(.ARM.Collect$$libinit$$0000001F)
    __rt_lib_init_stdio_1                    0x000002e7   Thumb Code     0  libinit2.o(.ARM.Collect$$libinit$$00000027)
    __rt_lib_init_user_alloc_1               0x000002e7   Thumb Code     0  libinit2.o(.ARM.Collect$$libinit$$0000000E)
    __rt_lib_shutdown                        0x000002e9   Thumb Code     0  libshutdown.o(.ARM.Collect$$libshutdown$$00000000)
    __rt_lib_shutdown_cpp_1                  0x000002eb   Thumb Code     0  libshutdown2.o(.ARM.Collect$$libshutdown$$00000002)
    __rt_lib_shutdown_fp_trap_1              0x000002eb   Thumb Code     0  libshutdown2.o(.ARM.Collect$$libshutdown$$00000007)
    __rt_lib_shutdown_heap_1                 0x000002eb   Thumb Code     0  libshutdown2.o(.ARM.Collect$$libshutdown$$0000000F)
    __rt_lib_shutdown_return                 0x000002eb   Thumb Code     0  libshutdown2.o(.ARM.Collect$$libshutdown$$00000010)
    __rt_lib_shutdown_signal_1               0x000002eb   Thumb Code     0  libshutdown2.o(.ARM.Collect$$libshutdown$$0000000A)
    __rt_lib_shutdown_stdio_1                0x000002eb   Thumb Code     0  libshutdown2.o(.ARM.Collect$$libshutdown$$00000004)
    __rt_lib_shutdown_user_alloc_1           0x000002eb   Thumb Code     0  libshutdown2.o(.ARM.Collect$$libshutdown$$0000000C)
    __rt_entry                               0x000002ed   Thumb Code     0  __rtentry.o(.ARM.Collect$$rtentry$$00000000)
    __rt_entry_presh_1                       0x000002ed   Thumb Code     0  __rtentry2.o(.ARM.Collect$$rtentry$$00000002)
    __rt_entry_sh                            0x000002ed   Thumb Code     0  __rtentry4.o(.ARM.Collect$$rtentry$$00000004)
    __rt_entry_postsh_1                      0x000002f3   Thumb Code     0  __rtentry2.o(.ARM.Collect$$rtentry$$00000008)
    __rt_entry_li                            0x000002fb   Thumb Code     0  __rtentry2.o(.ARM.Collect$$rtentry$$0000000A)
    __rt_entry_main                          0x000002ff   Thumb Code     0  __rtentry2.o(.ARM.Collect$$rtentry$$0000000D)
    __rt_entry_postli_1                      0x000002ff   Thumb Code     0  __rtentry2.o(.ARM.Collect$$rtentry$$0000000C)
    __rt_exit                                0x00000307   Thumb Code     0  rtexit.o(.ARM.Collect$$rtexit$$00000000)
    __rt_exit_ls                             0x00000309   Thumb Code     0  rtexit2.o(.ARM.Collect$$rtexit$$00000003)
    __rt_exit_prels_1                        0x00000309   Thumb Code     0  rtexit2.o(.ARM.Collect$$rtexit$$00000002)
    __rt_exit_exit                           0x0000030d   Thumb Code     0  rtexit2.o(.ARM.Collect$$rtexit$$00000004)
    CPUcpsid                                 0x00000315   Thumb Code     8  cpu.o(.emb_text)
    CPUprimask                               0x0000031d   Thumb Code     6  cpu.o(.emb_text)
    CPUcpsie                                 0x00000323   Thumb Code     8  cpu.o(.emb_text)
    CPUwfi                                   0x0000032b   Thumb Code     4  cpu.o(.emb_text)
    CPUbasepriSet                            0x0000032f   Thumb Code     6  cpu.o(.emb_text)
    CPUbasepriGet                            0x00000335   Thumb Code     6  cpu.o(.emb_text)
    Reset_Handler                            0x0000033d   Thumb Code     8  startup_tm4c123.o(.text)
    NMI_Handler                              0x00000345   Thumb Code     2  startup_tm4c123.o(.text)
    HardFault_Handler                        0x00000347   Thumb Code     2  startup_tm4c123.o(.text)
    MemManage_Handler                        0x00000349   Thumb Code     2  startup_tm4c123.o(.text)
    BusFault_Handler                         0x0000034b   Thumb Code     2  startup_tm4c123.o(.text)
    UsageFault_Handler                       0x0000034d   Thumb Code     2  startup_tm4c123.o(.text)
    DebugMon_Handler                         0x00000351   Thumb Code     2  startup_tm4c123.o(.text)
    GPIOB_Handler                            0x00000359   Thumb Code     2  startup_tm4c123.o(.text)
    GPIOC_Handler                            0x0000035b   Thumb Code     2  startup_tm4c123.o(.text)
    GPIOD_Handler                            0x0000035d   Thumb Code     2  startup_tm4c123.o(.text)
    GPIOE_Handler                            0x0000035f   Thumb Code     2  startup_tm4c123.o(.text)
    UART0_Handler                            0x00000361   Thumb Code     2  startup_tm4c123.o(.text)
    UART1_Handler                            0x00000363   Thumb Code     2  startup_tm4c123.o(.text)
    SSI0_Handler                             0x00000365   Thumb Code     2  startup_tm4c123.o(.text)
    I2C0_Handler                             0x00000367   Thumb Code     2  startup_tm4c123.o(.text)
    PMW0_FAULT_Handler                       0x00000369   Thumb Code     2  startup_tm4c123.o(.text)
    PWM0_0_Handler                           0x0000036b   Thumb Code     2  startup_tm4c123.o(.text)
    PWM0_1_Handler                           0x0000036d   Thumb Code     2  startup_tm4c123.o(.text)
    PWM0_2_Handler                           0x0000036f   Thumb Code     2  startup_tm4c123.o(.text)
    QEI0_Handler                             0x00000371   Thumb Code     2  startup_tm4c123.o(.text)
    ADC0SS0_Handler                          0x00000373   Thumb Code     2  startup_tm4c123.o(.text)
    ADC0SS1_Handler                          0x00000375   Thumb Code     2  startup_tm4c123.o(.text)
    ADC0SS2_Handler                          0x00000377   Thumb Code     2  startup_tm4c123.o(.text)
    ADC0SS3_Handler                          0x00000379   Thumb Code     2  startup_tm4c123.o(.text)
    WDT0_Handler                             0x0000037b   Thumb Code     2  startup_tm4c123.o(.text)
    TIMER0A_Handler                          0x0000037d   Thumb Code     2  startup_tm4c123.o(.text)
    TIMER0B_Handler                          0x0000037f   Thumb Code     2  startup_tm4c123.o(.text)
    TIMER1A_Handler                          0x00000381   Thumb Code     2  startup_tm4c123.o(.text)
    TIMER1B_Handler                          0x00000383   Thumb Code     2  startup_tm4c123.o(.text)
    TIMER2A_Handler                          0x00000385   Thumb Code     2  startup_tm4c123.o(.text)
    TIMER2B_Handler                          0x00000387   Thumb Code     2  startup_tm4c123.o(.text)
    COMP0_Handler                            0x00000389   Thumb Code     2  startup_tm4c123.o(.text)
    COMP1_Handler                            0x0000038b   Thumb Code     2  startup_tm4c123.o(.text)
    COMP2_Handler                            0x0000038d   Thumb Code     2  startup_tm4c123.o(.text)
    SYSCTL_Handler                           0x0000038f   Thumb Code     2  startup_tm4c123.o(.text)
    FLASH_Handler                            0x00000391   Thumb Code     2  startup_tm4c123.o(.text)
    GPIOF_Handler                            0x00000393   Thumb Code     2  startup_tm4c123.o(.text)
    GPIOG_Handler                            0x00000395   Thumb Code     2  startup_tm4c123.o(.text)
    GPIOH_Handler                            0x00000397   Thumb Code     2  startup_tm4c123.o(.text)
    UART2_Handler                            0x00000399   Thumb Code     2  startup_tm4c123.o(.text)
    SSI1_Handler                             0x0000039b   Thumb Code     2  startup_tm4c123.o(.text)
    TIMER3A_Handler                          0x0000039d   Thumb Code     2  startup_tm4c123.o(.text)
    TIMER3B_Handler                          0x0000039f   Thumb Code     2  startup_tm4c123.o(.text)
    I2C1_Handler                             0x000003a1   Thumb Code     2  startup_tm4c123.o(.text)
    QEI1_Handler                             0x000003a3   Thumb Code     2  startup_tm4c123.o(.text)
    CAN0_Handler                             0x000003a5   Thumb Code     2  startup_tm4c123.o(.text)
    CAN1_Handler                             0x000003a7   Thumb Code     2  startup_tm4c123.o(.text)
    CAN2_Handler                             0x000003a9   Thumb Code     2  startup_tm4c123.o(.text)
    HIB_Handler                              0x000003ab   Thumb Code     2  startup_tm4c123.o(.text)
    USB0_Handler                             0x000003ad   Thumb Code     2  startup_tm4c123.o(.text)
    PWM0_3_Handler                           0x000003af   Thumb Code     2  startup_tm4c123.o(.text)
    UDMA_Handler                             0x000003b1   Thumb Code     2  startup_tm4c123.o(.text)
    UDMAERR_Handler                          0x000003b3   Thumb Code     2  startup_tm4c123.o(.text)
    ADC1SS0_Handler                          0x000003b5   Thumb Code     2  startup_tm4c123.o(.text)
    ADC1SS1_Handler                          0x000003b7   Thumb Code     2  startup_tm4c123.o(.text)
    ADC1SS2_Handler                          0x000003b9   Thumb Code     2  startup_tm4c123.o(.text)
    ADC1SS3_Handler                          0x000003bb   Thumb Code     2  startup_tm4c123.o(.text)
    GPIOJ_Handler                            0x000003bd   Thumb Code     2  startup_tm4c123.o(.text)
    GPIOK_Handler                            0x000003bf   Thumb Code     2  startup_tm4c123.o(.text)
    GPIOL_Handler                            0x000003c1   Thumb Code     2  startup_tm4c123.o(.text)
    SSI2_Handler                             0x000003c3   Thumb Code     2  startup_tm4c123.o(.text)
    SSI3_Handler                             0x000003c5   Thumb Code     2  startup_tm4c123.o(.text)
    UART3_Handler                            0x000003c7   Thumb Code     2  startup_tm4c123.o(.text)
    UART4_Handler                            0x000003c9   Thumb Code     2  startup_tm4c123.o(.text)
    UART5_Handler                            0x000003cb   Thumb Code     2  startup_tm4c123.o(.text)
    UART6_Handler                            0x000003cd   Thumb Code     2  startup_tm4c123.o(.text)
    UART7_Handler                            0x000003cf   Thumb Code     2  startup_tm4c123.o(.text)
    I2C2_Handler                             0x000003d1   Thumb Code     2  startup_tm4c123.o(.text)
    I2C3_Handler                             0x000003d3   Thumb Code     2  startup_tm4c123.o(.text)
    TIMER4A_Handler                          0x000003d5   Thumb Code     2  startup_tm4c123.o(.text)
    TIMER4B_Handler                          0x000003d7   Thumb Code     2  startup_tm4c123.o(.text)
    TIMER5A_Handler                          0x000003d9   Thumb Code     2  startup_tm4c123.o(.text)
    TIMER5B_Handler                          0x000003db   Thumb Code     2  startup_tm4c123.o(.text)
    WTIMER0A_Handler                         0x000003dd   Thumb Code     2  startup_tm4c123.o(.text)
    WTIMER0B_Handler                         0x000003df   Thumb Code     2  startup_tm4c123.o(.text)
    WTIMER1A_Handler                         0x000003e1   Thumb Code     2  startup_tm4c123.o(.text)
    WTIMER1B_Handler                         0x000003e3   Thumb Code     2  startup_tm4c123.o(.text)
    WTIMER2A_Handler                         0x000003e5   Thumb Code     2  startup_tm4c123.o(.text)
    WTIMER2B_Handler                         0x000003e7   Thumb Code     2  startup_tm4c123.o(.text)
    WTIMER3A_Handler                         0x000003e9   Thumb Code     2  startup_tm4c123.o(.text)
    WTIMER3B_Handler                         0x000003eb   Thumb Code     2  startup_tm4c123.o(.text)
    WTIMER4A_Handler                         0x000003ed   Thumb Code     2  startup_tm4c123.o(.text)
    WTIMER4B_Handler                         0x000003ef   Thumb Code     2  startup_tm4c123.o(.text)
    WTIMER5A_Handler                         0x000003f1   Thumb Code     2  startup_tm4c123.o(.text)
    WTIMER5B_Handler                         0x000003f3   Thumb Code     2  startup_tm4c123.o(.text)
    FPU_Handler                              0x000003f5   Thumb Code     2  startup_tm4c123.o(.text)
    I2C4_Handler                             0x000003f7   Thumb Code     2  startup_tm4c123.o(.text)
    I2C5_Handler                             0x000003f9   Thumb Code     2  startup_tm4c123.o(.text)
    GPIOM_Handler                            0x000003fb   Thumb Code     2  startup_tm4c123.o(.text)
    GPION_Handler                            0x000003fd   Thumb Code     2  startup_tm4c123.o(.text)
    QEI2_Handler                             0x000003ff   Thumb Code     2  startup_tm4c123.o(.text)
    GPIOP0_Handler                           0x00000401   Thumb Code     2  startup_tm4c123.o(.text)
    GPIOP1_Handler                           0x00000403   Thumb Code     2  startup_tm4c123.o(.text)
    GPIOP2_Handler                           0x00000405   Thumb Code     2  startup_tm4c123.o(.text)
    GPIOP3_Handler                           0x00000407   Thumb Code     2  startup_tm4c123.o(.text)
    GPIOP4_Handler                           0x00000409   Thumb Code     2  startup_tm4c123.o(.text)
    GPIOP5_Handler                           0x0000040b   Thumb Code     2  startup_tm4c123.o(.text)
    GPIOP6_Handler                           0x0000040d   Thumb Code     2  startup_tm4c123.o(.text)
    GPIOP7_Handler                           0x0000040f   Thumb Code     2  startup_tm4c123.o(.text)
    GPIOQ0_Handler                           0x00000411   Thumb Code     2  startup_tm4c123.o(.text)
    GPIOQ1_Handler                           0x00000413   Thumb Code     2  startup_tm4c123.o(.text)
    GPIOQ2_Handler                           0x00000415   Thumb Code     2  startup_tm4c123.o(.text)
    GPIOQ3_Handler                           0x00000417   Thumb Code     2  startup_tm4c123.o(.text)
    GPIOQ4_Handler                           0x00000419   Thumb Code     2  startup_tm4c123.o(.text)
    GPIOQ5_Handler                           0x0000041b   Thumb Code     2  startup_tm4c123.o(.text)
    GPIOQ6_Handler                           0x0000041d   Thumb Code     2  startup_tm4c123.o(.text)
    GPIOQ7_Handler                           0x0000041f   Thumb Code     2  startup_tm4c123.o(.text)
    GPIOR_Handler                            0x00000421   Thumb Code     2  startup_tm4c123.o(.text)
    GPIOS_Handler                            0x00000423   Thumb Code     2  startup_tm4c123.o(.text)
    PMW1_0_Handler                           0x00000425   Thumb Code     2  startup_tm4c123.o(.text)
    PWM1_1_Handler                           0x00000427   Thumb Code     2  startup_tm4c123.o(.text)
    PWM1_2_Handler                           0x00000429   Thumb Code     2  startup_tm4c123.o(.text)
    PWM1_3_Handler                           0x0000042b   Thumb Code     2  startup_tm4c123.o(.text)
    PWM1_FAULT_Handler                       0x0000042d   Thumb Code     2  startup_tm4c123.o(.text)
    __user_initial_stackheap                 0x00000431   Thumb Code     0  startup_tm4c123.o(.text)
    __aeabi_memcpy                           0x00000451   Thumb Code     0  rt_memcpy_v6.o(.text)
    __rt_memcpy                              0x00000451   Thumb Code   138  rt_memcpy_v6.o(.text)
    _memcpy_lastbytes                        0x000004b7   Thumb Code     0  rt_memcpy_v6.o(.text)
    __aeabi_memset4                          0x000004db   Thumb Code    16  aeabi_memset4.o(.text)
    __aeabi_memset8                          0x000004db   Thumb Code     0  aeabi_memset4.o(.text)
    __aeabi_memclr                           0x000004eb   Thumb Code     0  rt_memclr.o(.text)
    __rt_memclr                              0x000004eb   Thumb Code     0  rt_memclr.o(.text)
    _memset                                  0x000004ef   Thumb Code    64  rt_memclr.o(.text)
    __use_two_region_memory                  0x0000052f   Thumb Code     2  heapauxi.o(.text)
    __rt_heap_escrow$2region                 0x00000531   Thumb Code     2  heapauxi.o(.text)
    __rt_heap_expand$2region                 0x00000533   Thumb Code     2  heapauxi.o(.text)
    __aeabi_memcpy4                          0x00000535   Thumb Code     0  rt_memcpy_w.o(.text)
    __aeabi_memcpy8                          0x00000535   Thumb Code     0  rt_memcpy_w.o(.text)
    __rt_memcpy_w                            0x00000535   Thumb Code   100  rt_memcpy_w.o(.text)
    _memcpy_lastbytes_aligned                0x0000057d   Thumb Code     0  rt_memcpy_w.o(.text)
    __aeabi_memclr4                          0x00000599   Thumb Code     0  rt_memclr_w.o(.text)
    __aeabi_memclr8                          0x00000599   Thumb Code     0  rt_memclr_w.o(.text)
    __rt_memclr_w                            0x00000599   Thumb Code     0  rt_memclr_w.o(.text)
    _memset_w                                0x0000059d   Thumb Code    74  rt_memclr_w.o(.text)
    __user_setup_stackheap                   0x000005e7   Thumb Code    74  sys_stackheap_outer.o(.text)
    exit                                     0x00000631   Thumb Code    18  exit.o(.text)
    __user_libspace                          0x00000645   Thumb Code     8  libspace.o(.text)
    __user_perproc_libspace                  0x00000645   Thumb Code     0  libspace.o(.text)
    _sys_exit                                0x0000064d   Thumb Code     8  sys_exit.o(.text)
    __I$use$semihosting                      0x00000659   Thumb Code     0  use_no_semi.o(.text)
    __use_no_semihosting_swi                 0x00000659   Thumb Code     2  use_no_semi.o(.text)
    __semihosting_library_function           0x0000065b   Thumb Code     0  indicate_semi.o(.text)
    DownLimit                                0x0000065d   Thumb Code   144  main.o(.text.DownLimit)
    DriverDownListen                         0x000006ed   Thumb Code   268  main.o(.text.DriverDownListen)
    DriverUpListen                           0x000007f9   Thumb Code   268  main.o(.text.DriverUpListen)
    GPIOA_Handler                            0x00000905   Thumb Code    72  main.o(.text.GPIOA_Handler)
    MSISR                                    0x0000094d   Thumb Code   138  main.o(.text.MSISR)
    PassDownListen                           0x000009d9   Thumb Code   290  main.o(.text.PassDownListen)
    PassUpListen                             0x00000afd   Thumb Code   290  main.o(.text.PassUpListen)
    PendSV_Handler                           0x00000c21   Thumb Code   100  port.o(.text.PendSV_Handler)
    SVC_Handler                              0x00000c91   Thumb Code    36  port.o(.text.SVC_Handler)
    SysTick_Handler                          0x00000cb5   Thumb Code    30  cmsis_os2.o(.text.SysTick_Handler)
    SystemInit                               0x00000cd5   Thumb Code   268  system_tm4c123.o(.text.SystemInit)
    UpLimit                                  0x00000de1   Thumb Code   144  main.o(.text.UpLimit)
    WindowMove                               0x00000e71   Thumb Code   328  main.o(.text.WindowMove)
    _mutex_acquire                           0x00000ffd   Thumb Code    40  clib_arm.o(.text._mutex_acquire)
    _mutex_free                              0x00001025   Thumb Code    84  clib_arm.o(.text._mutex_free)
    _mutex_initialize                        0x00001079   Thumb Code   168  clib_arm.o(.text._mutex_initialize)
    _mutex_release                           0x00001121   Thumb Code    42  clib_arm.o(.text._mutex_release)
    _platform_post_stackheap_init            0x0000114d   Thumb Code     2  clib_arm.o(.text._platform_post_stackheap_init)
    main                                     0x00001171   Thumb Code   816  main.o(.text.main)
    pvPortMalloc                             0x0000210d   Thumb Code   192  heap_1.o(.text.pvPortMalloc)
    pvTaskIncrementMutexHeldCount            0x000021cd   Thumb Code    44  tasks.o(.text.pvTaskIncrementMutexHeldCount)
    pxPortInitialiseStack                    0x000021f9   Thumb Code    94  port.o(.text.pxPortInitialiseStack)
    uxListRemove                             0x00002259   Thumb Code    72  list.o(.text.uxListRemove)
    uxTaskGetNumberOfTasks                   0x000022a1   Thumb Code    12  tasks.o(.text.uxTaskGetNumberOfTasks)
    vApplicationGetIdleTaskMemory            0x000022ad   Thumb Code    42  cmsis_os2.o(.text.vApplicationGetIdleTaskMemory)
    vApplicationGetTimerTaskMemory           0x000022d9   Thumb Code    42  cmsis_os2.o(.text.vApplicationGetTimerTaskMemory)
    vApplicationStackOverflowHook            0x00002305   Thumb Code    10  cmsis_os2.o(.text.vApplicationStackOverflowHook)
    vListInitialise                          0x00002311   Thumb Code    46  list.o(.text.vListInitialise)
    vListInitialiseItem                      0x00002341   Thumb Code    14  list.o(.text.vListInitialiseItem)
    vListInsert                              0x00002351   Thumb Code   106  list.o(.text.vListInsert)
    vPortEnterCritical                       0x000023d1   Thumb Code    48  port.o(.text.vPortEnterCritical)
    vPortExitCritical                        0x00002401   Thumb Code    38  port.o(.text.vPortExitCritical)
    vPortFree                                0x00002429   Thumb Code     8  heap_1.o(.text.vPortFree)
    vPortSetupTimerInterrupt                 0x00002431   Thumb Code    68  port.o(.text.vPortSetupTimerInterrupt)
    vQueueDelete                             0x00002475   Thumb Code    34  queue.o(.text.vQueueDelete)
    vQueueWaitForMessageRestricted           0x00002499   Thumb Code   100  queue.o(.text.vQueueWaitForMessageRestricted)
    vTaskDelay                               0x000024fd   Thumb Code    74  tasks.o(.text.vTaskDelay)
    vTaskInternalSetTimeOutState             0x00002549   Thumb Code    36  tasks.o(.text.vTaskInternalSetTimeOutState)
    vTaskMissedYield                         0x0000256d   Thumb Code    14  tasks.o(.text.vTaskMissedYield)
    vTaskPlaceOnEventList                    0x0000257d   Thumb Code    38  tasks.o(.text.vTaskPlaceOnEventList)
    vTaskPlaceOnEventListRestricted          0x000025a5   Thumb Code    96  tasks.o(.text.vTaskPlaceOnEventListRestricted)
    vTaskPriorityDisinheritAfterTimeout      0x00002605   Thumb Code   300  tasks.o(.text.vTaskPriorityDisinheritAfterTimeout)
    vTaskStartScheduler                      0x00002731   Thumb Code   196  tasks.o(.text.vTaskStartScheduler)
    vTaskSuspendAll                          0x000027f5   Thumb Code    16  tasks.o(.text.vTaskSuspendAll)
    vTaskSwitchContext                       0x00002805   Thumb Code   260  tasks.o(.text.vTaskSwitchContext)
    xPortStartScheduler                      0x00002909   Thumb Code    84  port.o(.text.xPortStartScheduler)
    xPortSysTickHandler                      0x0000295d   Thumb Code    60  port.o(.text.xPortSysTickHandler)
    xQueueCreateMutex                        0x00002999   Thumb Code    38  queue.o(.text.xQueueCreateMutex)
    xQueueCreateMutexStatic                  0x000029c1   Thumb Code    50  queue.o(.text.xQueueCreateMutexStatic)
    xQueueGenericCreate                      0x000029f5   Thumb Code   134  queue.o(.text.xQueueGenericCreate)
    xQueueGenericCreateStatic                0x00002a7d   Thumb Code   108  queue.o(.text.xQueueGenericCreateStatic)
    xQueueGenericReset                       0x00002ae9   Thumb Code   208  queue.o(.text.xQueueGenericReset)
    xQueueGenericSend                        0x00002bb9   Thumb Code   362  queue.o(.text.xQueueGenericSend)
    xQueueGetMutexHolder                     0x00002d25   Thumb Code    46  queue.o(.text.xQueueGetMutexHolder)
    xQueueGiveFromISR                        0x00002d55   Thumb Code   194  queue.o(.text.xQueueGiveFromISR)
    xQueueReceive                            0x00002e19   Thumb Code   338  queue.o(.text.xQueueReceive)
    xQueueSemaphoreTake                      0x00002f6d   Thumb Code   414  queue.o(.text.xQueueSemaphoreTake)
    xTaskCheckForTimeOut                     0x0000310d   Thumb Code   154  tasks.o(.text.xTaskCheckForTimeOut)
    xTaskCreate                              0x000031a9   Thumb Code   166  tasks.o(.text.xTaskCreate)
    xTaskCreateStatic                        0x00003251   Thumb Code   122  tasks.o(.text.xTaskCreateStatic)
    xTaskGetSchedulerState                   0x000032cd   Thumb Code    56  tasks.o(.text.xTaskGetSchedulerState)
    xTaskGetTickCount                        0x00003305   Thumb Code    20  tasks.o(.text.xTaskGetTickCount)
    xTaskIncrementTick                       0x00003319   Thumb Code   582  tasks.o(.text.xTaskIncrementTick)
    xTaskPriorityDisinherit                  0x00003561   Thumb Code   230  tasks.o(.text.xTaskPriorityDisinherit)
    xTaskPriorityInherit                     0x00003649   Thumb Code   334  tasks.o(.text.xTaskPriorityInherit)
    xTaskRemoveFromEventList                 0x00003799   Thumb Code   380  tasks.o(.text.xTaskRemoveFromEventList)
    xTaskResumeAll                           0x00003915   Thumb Code   522  tasks.o(.text.xTaskResumeAll)
    xTimerCreateTimerTask                    0x00003b21   Thumb Code   120  timers.o(.text.xTimerCreateTimerTask)
    GPIODirModeSet                           0x00003b99   Thumb Code    40  gpio.o(i.GPIODirModeSet)
    GPIOIntClear                             0x00003bc1   Thumb Code     6  gpio.o(i.GPIOIntClear)
    GPIOIntDisable                           0x00003bc7   Thumb Code    14  gpio.o(i.GPIOIntDisable)
    GPIOIntEnable                            0x00003bd5   Thumb Code    12  gpio.o(i.GPIOIntEnable)
    GPIOIntTypeSet                           0x00003be1   Thumb Code    80  gpio.o(i.GPIOIntTypeSet)
    GPIOPadConfigSet                         0x00003c31   Thumb Code   312  gpio.o(i.GPIOPadConfigSet)
    GPIOPinRead                              0x00003d69   Thumb Code     6  gpio.o(i.GPIOPinRead)
    GPIOPinTypeGPIOInput                     0x00003d6f   Thumb Code    28  gpio.o(i.GPIOPinTypeGPIOInput)
    GPIOPinTypeGPIOOutput                    0x00003d8b   Thumb Code    28  gpio.o(i.GPIOPinTypeGPIOOutput)
    GPIOPinWrite                             0x00003da7   Thumb Code     6  gpio.o(i.GPIOPinWrite)
    IntEnable                                0x00003dad   Thumb Code    92  interrupt.o(i.IntEnable)
    IntMasterEnable                          0x00003e11   Thumb Code    14  interrupt.o(i.IntMasterEnable)
    SysCtlPeripheralEnable                   0x00003e21   Thumb Code    36  sysctl.o(i.SysCtlPeripheralEnable)
    SysCtlPeripheralReady                    0x00003e49   Thumb Code    40  sysctl.o(i.SysCtlPeripheralReady)
    _fp_init                                 0x00003e75   Thumb Code    26  fpinit.o(x$fpl$fpinit)
    __fplib_config_fpu_vfp                   0x00003e8d   Thumb Code     0  fpinit.o(x$fpl$fpinit)
    __fplib_config_pureend_doubles           0x00003e8d   Thumb Code     0  fpinit.o(x$fpl$fpinit)
    uxTopUsedPriority                        0x00004010   Data           4  tasks.o(.rodata.uxTopUsedPriority)
    Region$$Table$$Base                      0x00004014   Number         0  anon$$obj.o(Region$$Table)
    Region$$Table$$Limit                     0x00004034   Number         0  anon$$obj.o(Region$$Table)
    SystemCoreClock                          0x20000000   Data           4  system_tm4c123.o(.data.SystemCoreClock)
    __libspace_start                         0x20000008   Data          96  libspace.o(.bss)
    __temporary_stack_top$libspace           0x20000068   Data           0  libspace.o(.bss)
    pxCurrentTCB                             0x200002b4   Data           4  tasks.o(.bss.pxCurrentTCB)
    xDownSema                                0x20002b84   Data           4  main.o(.bss.xDownSema)
    xEmptyQueueSema                          0x20002b88   Data           4  main.o(.bss.xEmptyQueueSema)
    xISRTASK                                 0x20002b8c   Data           4  main.o(.bss.xISRTASK)
    xMovingSema                              0x20002b94   Data           4  main.o(.bss.xMovingSema)
    xStuckMutex                              0x20002bc0   Data           4  main.o(.bss.xStuckMutex)
    xStuckSema                               0x20002bc4   Data           4  main.o(.bss.xStuckSema)
    xUpSema                                  0x20002bfc   Data           4  main.o(.bss.xUpSema)
    xWindowQueue                             0x20002c00   Data           4  main.o(.bss.xWindowQueue)



==============================================================================

Memory Map of the image

  Image Entry point : 0x0000033d

  Load Region LR_1 (Base: 0x00000000, Size: 0x0000403c, Max: 0xffffffff, ABSOLUTE)

    Execution Region ER_RO (Exec base: 0x00000000, Load base: 0x00000000, Size: 0x00004034, Max: 0xffffffff, ABSOLUTE)

    Exec Addr    Load Addr    Size         Type   Attr      Idx    E Section Name        Object

    0x00000000   0x00000000   0x0000026c   Data   RO          274    RESET               startup_tm4c123.o
    0x0000026c   0x0000026c   0x00000008   Code   RO         1526  * !!!main             c_w.l(__main.o)
    0x00000274   0x00000274   0x00000034   Code   RO         1693    !!!scatter          c_w.l(__scatter.o)
    0x000002a8   0x000002a8   0x0000001a   Code   RO         1695    !!handler_copy      c_w.l(__scatter_copy.o)
    0x000002c2   0x000002c2   0x00000002   PAD
    0x000002c4   0x000002c4   0x0000001c   Code   RO         1697    !!handler_zi        c_w.l(__scatter_zi.o)
    0x000002e0   0x000002e0   0x00000002   Code   RO         1555    .ARM.Collect$$libinit$$00000000  c_w.l(libinit.o)
    0x000002e2   0x000002e2   0x00000004   Code   RO         1561    .ARM.Collect$$libinit$$00000001  c_w.l(libinit2.o)
    0x000002e6   0x000002e6   0x00000000   Code   RO         1564    .ARM.Collect$$libinit$$00000004  c_w.l(libinit2.o)
    0x000002e6   0x000002e6   0x00000000   Code   RO         1566    .ARM.Collect$$libinit$$00000006  c_w.l(libinit2.o)
    0x000002e6   0x000002e6   0x00000000   Code   RO         1569    .ARM.Collect$$libinit$$0000000C  c_w.l(libinit2.o)
    0x000002e6   0x000002e6   0x00000000   Code   RO         1571    .ARM.Collect$$libinit$$0000000E  c_w.l(libinit2.o)
    0x000002e6   0x000002e6   0x00000000   Code   RO         1573    .ARM.Collect$$libinit$$00000010  c_w.l(libinit2.o)
    0x000002e6   0x000002e6   0x00000000   Code   RO         1576    .ARM.Collect$$libinit$$00000013  c_w.l(libinit2.o)
    0x000002e6   0x000002e6   0x00000000   Code   RO         1578    .ARM.Collect$$libinit$$00000015  c_w.l(libinit2.o)
    0x000002e6   0x000002e6   0x00000000   Code   RO         1580    .ARM.Collect$$libinit$$00000017  c_w.l(libinit2.o)
    0x000002e6   0x000002e6   0x00000000   Code   RO         1582    .ARM.Collect$$libinit$$00000019  c_w.l(libinit2.o)
    0x000002e6   0x000002e6   0x00000000   Code   RO         1584    .ARM.Collect$$libinit$$0000001B  c_w.l(libinit2.o)
    0x000002e6   0x000002e6   0x00000000   Code   RO         1586    .ARM.Collect$$libinit$$0000001D  c_w.l(libinit2.o)
    0x000002e6   0x000002e6   0x00000000   Code   RO         1588    .ARM.Collect$$libinit$$0000001F  c_w.l(libinit2.o)
    0x000002e6   0x000002e6   0x00000000   Code   RO         1590    .ARM.Collect$$libinit$$00000021  c_w.l(libinit2.o)
    0x000002e6   0x000002e6   0x00000000   Code   RO         1592    .ARM.Collect$$libinit$$00000023  c_w.l(libinit2.o)
    0x000002e6   0x000002e6   0x00000000   Code   RO         1594    .ARM.Collect$$libinit$$00000025  c_w.l(libinit2.o)
    0x000002e6   0x000002e6   0x00000000   Code   RO         1596    .ARM.Collect$$libinit$$00000027  c_w.l(libinit2.o)
    0x000002e6   0x000002e6   0x00000000   Code   RO         1600    .ARM.Collect$$libinit$$0000002E  c_w.l(libinit2.o)
    0x000002e6   0x000002e6   0x00000000   Code   RO         1602    .ARM.Collect$$libinit$$00000030  c_w.l(libinit2.o)
    0x000002e6   0x000002e6   0x00000000   Code   RO         1604    .ARM.Collect$$libinit$$00000032  c_w.l(libinit2.o)
    0x000002e6   0x000002e6   0x00000000   Code   RO         1606    .ARM.Collect$$libinit$$00000034  c_w.l(libinit2.o)
    0x000002e6   0x000002e6   0x00000002   Code   RO         1607    .ARM.Collect$$libinit$$00000035  c_w.l(libinit2.o)
    0x000002e8   0x000002e8   0x00000002   Code   RO         1629    .ARM.Collect$$libshutdown$$00000000  c_w.l(libshutdown.o)
    0x000002ea   0x000002ea   0x00000000   Code   RO         1644    .ARM.Collect$$libshutdown$$00000002  c_w.l(libshutdown2.o)
    0x000002ea   0x000002ea   0x00000000   Code   RO         1646    .ARM.Collect$$libshutdown$$00000004  c_w.l(libshutdown2.o)
    0x000002ea   0x000002ea   0x00000000   Code   RO         1649    .ARM.Collect$$libshutdown$$00000007  c_w.l(libshutdown2.o)
    0x000002ea   0x000002ea   0x00000000   Code   RO         1652    .ARM.Collect$$libshutdown$$0000000A  c_w.l(libshutdown2.o)
    0x000002ea   0x000002ea   0x00000000   Code   RO         1654    .ARM.Collect$$libshutdown$$0000000C  c_w.l(libshutdown2.o)
    0x000002ea   0x000002ea   0x00000000   Code   RO         1657    .ARM.Collect$$libshutdown$$0000000F  c_w.l(libshutdown2.o)
    0x000002ea   0x000002ea   0x00000002   Code   RO         1658    .ARM.Collect$$libshutdown$$00000010  c_w.l(libshutdown2.o)
    0x000002ec   0x000002ec   0x00000000   Code   RO         1528    .ARM.Collect$$rtentry$$00000000  c_w.l(__rtentry.o)
    0x000002ec   0x000002ec   0x00000000   Code   RO         1534    .ARM.Collect$$rtentry$$00000002  c_w.l(__rtentry2.o)
    0x000002ec   0x000002ec   0x00000006   Code   RO         1546    .ARM.Collect$$rtentry$$00000004  c_w.l(__rtentry4.o)
    0x000002f2   0x000002f2   0x00000008   Code   RO         1535    .ARM.Collect$$rtentry$$00000008  c_w.l(__rtentry2.o)
    0x000002fa   0x000002fa   0x00000004   Code   RO         1537    .ARM.Collect$$rtentry$$0000000A  c_w.l(__rtentry2.o)
    0x000002fe   0x000002fe   0x00000000   Code   RO         1539    .ARM.Collect$$rtentry$$0000000C  c_w.l(__rtentry2.o)
    0x000002fe   0x000002fe   0x00000008   Code   RO         1540    .ARM.Collect$$rtentry$$0000000D  c_w.l(__rtentry2.o)
    0x00000306   0x00000306   0x00000002   Code   RO         1559    .ARM.Collect$$rtexit$$00000000  c_w.l(rtexit.o)
    0x00000308   0x00000308   0x00000000   Code   RO         1609    .ARM.Collect$$rtexit$$00000002  c_w.l(rtexit2.o)
    0x00000308   0x00000308   0x00000004   Code   RO         1610    .ARM.Collect$$rtexit$$00000003  c_w.l(rtexit2.o)
    0x0000030c   0x0000030c   0x00000006   Code   RO         1611    .ARM.Collect$$rtexit$$00000004  c_w.l(rtexit2.o)
    0x00000312   0x00000312   0x00000002   PAD
    0x00000314   0x00000314   0x00000026   Code   RO         1506    .emb_text           driverlib.lib(cpu.o)
    0x0000033a   0x0000033a   0x00000002   PAD
    0x0000033c   0x0000033c   0x00000114   Code   RO          275  * .text               startup_tm4c123.o
    0x00000450   0x00000450   0x0000008a   Code   RO         1518    .text               c_w.l(rt_memcpy_v6.o)
    0x000004da   0x000004da   0x00000010   Code   RO         1520    .text               c_w.l(aeabi_memset4.o)
    0x000004ea   0x000004ea   0x00000044   Code   RO         1522    .text               c_w.l(rt_memclr.o)
    0x0000052e   0x0000052e   0x00000006   Code   RO         1524    .text               c_w.l(heapauxi.o)
    0x00000534   0x00000534   0x00000064   Code   RO         1529    .text               c_w.l(rt_memcpy_w.o)
    0x00000598   0x00000598   0x0000004e   Code   RO         1531    .text               c_w.l(rt_memclr_w.o)
    0x000005e6   0x000005e6   0x0000004a   Code   RO         1548    .text               c_w.l(sys_stackheap_outer.o)
    0x00000630   0x00000630   0x00000012   Code   RO         1550    .text               c_w.l(exit.o)
    0x00000642   0x00000642   0x00000002   PAD
    0x00000644   0x00000644   0x00000008   Code   RO         1556    .text               c_w.l(libspace.o)
    0x0000064c   0x0000064c   0x0000000c   Code   RO         1619    .text               c_w.l(sys_exit.o)
    0x00000658   0x00000658   0x00000002   Code   RO         1634    .text               c_w.l(use_no_semi.o)
    0x0000065a   0x0000065a   0x00000000   Code   RO         1636    .text               c_w.l(indicate_semi.o)
    0x0000065a   0x0000065a   0x00000002   PAD
    0x0000065c   0x0000065c   0x00000090   Code   RO            8    .text.DownLimit     main.o
    0x000006ec   0x000006ec   0x0000010c   Code   RO           10    .text.DriverDownListen  main.o
    0x000007f8   0x000007f8   0x0000010c   Code   RO           12    .text.DriverUpListen  main.o
    0x00000904   0x00000904   0x00000048   Code   RO            2    .text.GPIOA_Handler  main.o
    0x0000094c   0x0000094c   0x0000008a   Code   RO            4    .text.MSISR         main.o
    0x000009d6   0x000009d6   0x00000002   PAD
    0x000009d8   0x000009d8   0x00000122   Code   RO           14    .text.PassDownListen  main.o
    0x00000afa   0x00000afa   0x00000002   PAD
    0x00000afc   0x00000afc   0x00000122   Code   RO           16    .text.PassUpListen  main.o
    0x00000c1e   0x00000c1e   0x00000002   PAD
    0x00000c20   0x00000c20   0x00000064   Code   RO          371    .text.PendSV_Handler  port.o
    0x00000c84   0x00000c84   0x0000000c   PAD
    0x00000c90   0x00000c90   0x00000024   Code   RO          355    .text.SVC_Handler   port.o
    0x00000cb4   0x00000cb4   0x0000001e   Code   RO           68    .text.SysTick_Handler  cmsis_os2.o
    0x00000cd2   0x00000cd2   0x00000002   PAD
    0x00000cd4   0x00000cd4   0x0000010c   Code   RO          286    .text.SystemInit    system_tm4c123.o
    0x00000de0   0x00000de0   0x00000090   Code   RO            6    .text.UpLimit       main.o
    0x00000e70   0x00000e70   0x00000148   Code   RO           18    .text.WindowMove    main.o
    0x00000fb8   0x00000fb8   0x00000042   Code   RO           22    .text.__NVIC_SetPriority  main.o
    0x00000ffa   0x00000ffa   0x00000002   PAD
    0x00000ffc   0x00000ffc   0x00000028   Code   RO           49    .text._mutex_acquire  clib_arm.o
    0x00001024   0x00001024   0x00000054   Code   RO           55    .text._mutex_free   clib_arm.o
    0x00001078   0x00001078   0x000000a8   Code   RO           47    .text._mutex_initialize  clib_arm.o
    0x00001120   0x00001120   0x0000002a   Code   RO           53    .text._mutex_release  clib_arm.o
    0x0000114a   0x0000114a   0x00000002   PAD
    0x0000114c   0x0000114c   0x00000002   Code   RO           41    .text._platform_post_stackheap_init  clib_arm.o
    0x0000114e   0x0000114e   0x00000002   PAD
    0x00001150   0x00001150   0x00000020   Code   RO           51    .text.is_thread_mode  clib_arm.o
    0x00001170   0x00001170   0x00000330   Code   RO           20    .text.main          main.o
    0x000014a0   0x000014a0   0x00000020   Code   RO           45    .text.os_kernel_is_active  clib_arm.o
    0x000014c0   0x000014c0   0x000000fa   Code   RO          500    .text.prvAddCurrentTaskToDelayedList  tasks.o
    0x000015ba   0x000015ba   0x00000002   PAD
    0x000015bc   0x000015bc   0x00000160   Code   RO          486    .text.prvAddNewTaskToReadyList  tasks.o
    0x0000171c   0x0000171c   0x0000007e   Code   RO          638    .text.prvCheckForValidListAndQueue  timers.o
    0x0000179a   0x0000179a   0x00000002   PAD
    0x0000179c   0x0000179c   0x0000005a   Code   RO          604    .text.prvCheckTasksWaitingTermination  tasks.o
    0x000017f6   0x000017f6   0x00000002   PAD
    0x000017f8   0x000017f8   0x00000042   Code   RO          443    .text.prvCopyDataFromQueue  queue.o
    0x0000183a   0x0000183a   0x00000002   PAD
    0x0000183c   0x0000183c   0x000000cc   Code   RO          431    .text.prvCopyDataToQueue  queue.o
    0x00001908   0x00001908   0x0000003c   Code   RO          494    .text.prvDeleteTCB  tasks.o
    0x00001944   0x00001944   0x00000026   Code   RO          447    .text.prvGetDisinheritPriorityAfterTimeout  queue.o
    0x0000196a   0x0000196a   0x00000002   PAD
    0x0000196c   0x0000196c   0x00000040   Code   RO          678    .text.prvGetNextExpireTime  timers.o
    0x000019ac   0x000019ac   0x00000038   Code   RO          526    .text.prvIdleTask   tasks.o
    0x000019e4   0x000019e4   0x0000002c   Code   RO          411    .text.prvInitialiseMutex  queue.o
    0x00001a10   0x00001a10   0x00000048   Code   RO          405    .text.prvInitialiseNewQueue  queue.o
    0x00001a58   0x00001a58   0x000000e6   Code   RO          484    .text.prvInitialiseNewTask  tasks.o
    0x00001b3e   0x00001b3e   0x00000002   PAD
    0x00001b40   0x00001b40   0x0000008e   Code   RO          602    .text.prvInitialiseTaskLists  tasks.o
    0x00001bce   0x00001bce   0x00000002   PAD
    0x00001bd0   0x00001bd0   0x00000086   Code   RO          692    .text.prvInsertTimerInActiveList  timers.o
    0x00001c56   0x00001c56   0x00000002   PAD
    0x00001c58   0x00001c58   0x00000028   Code   RO          445    .text.prvIsQueueEmpty  queue.o
    0x00001c80   0x00001c80   0x0000002e   Code   RO          433    .text.prvIsQueueFull  queue.o
    0x00001cae   0x00001cae   0x00000002   PAD
    0x00001cb0   0x00001cb0   0x00000028   Code   RO          363    .text.prvPortStartFirstTask  port.o
    0x00001cd8   0x00001cd8   0x00000054   Code   RO          686    .text.prvProcessExpiredTimer  timers.o
    0x00001d2c   0x00001d2c   0x00000144   Code   RO          682    .text.prvProcessReceivedCommands  timers.o
    0x00001e70   0x00001e70   0x0000009a   Code   RO          680    .text.prvProcessTimerOrBlockTask  timers.o
    0x00001f0a   0x00001f0a   0x00000002   PAD
    0x00001f0c   0x00001f0c   0x00000034   Code   RO          690    .text.prvReloadTimer  timers.o
    0x00001f40   0x00001f40   0x0000003c   Code   RO          492    .text.prvResetNextTaskUnblockTime  tasks.o
    0x00001f7c   0x00001f7c   0x00000044   Code   RO          684    .text.prvSampleTimeNow  timers.o
    0x00001fc0   0x00001fc0   0x00000052   Code   RO          688    .text.prvSwitchTimerLists  timers.o
    0x00002012   0x00002012   0x00000002   PAD
    0x00002014   0x00002014   0x00000026   Code   RO          353    .text.prvTaskExitError  port.o
    0x0000203a   0x0000203a   0x00000002   PAD
    0x0000203c   0x0000203c   0x0000001e   Code   RO          640    .text.prvTimerTask  timers.o
    0x0000205a   0x0000205a   0x00000002   PAD
    0x0000205c   0x0000205c   0x000000ae   Code   RO          435    .text.prvUnlockQueue  queue.o
    0x0000210a   0x0000210a   0x00000002   PAD
    0x0000210c   0x0000210c   0x000000c0   Code   RO          383    .text.pvPortMalloc  heap_1.o
    0x000021cc   0x000021cc   0x0000002c   Code   RO          586    .text.pvTaskIncrementMutexHeldCount  tasks.o
    0x000021f8   0x000021f8   0x0000005e   Code   RO          351    .text.pxPortInitialiseStack  port.o
    0x00002256   0x00002256   0x00000002   PAD
    0x00002258   0x00002258   0x00000048   Code   RO          342    .text.uxListRemove  list.o
    0x000022a0   0x000022a0   0x0000000c   Code   RO          536    .text.uxTaskGetNumberOfTasks  tasks.o
    0x000022ac   0x000022ac   0x0000002a   Code   RO          226    .text.vApplicationGetIdleTaskMemory  cmsis_os2.o
    0x000022d6   0x000022d6   0x00000002   PAD
    0x000022d8   0x000022d8   0x0000002a   Code   RO          228    .text.vApplicationGetTimerTaskMemory  cmsis_os2.o
    0x00002302   0x00002302   0x00000002   PAD
    0x00002304   0x00002304   0x0000000a   Code   RO          224    .text.vApplicationStackOverflowHook  cmsis_os2.o
    0x0000230e   0x0000230e   0x00000002   PAD
    0x00002310   0x00002310   0x0000002e   Code   RO          334    .text.vListInitialise  list.o
    0x0000233e   0x0000233e   0x00000002   PAD
    0x00002340   0x00002340   0x0000000e   Code   RO          336    .text.vListInitialiseItem  list.o
    0x0000234e   0x0000234e   0x00000002   PAD
    0x00002350   0x00002350   0x0000006a   Code   RO          340    .text.vListInsert   list.o
    0x000023ba   0x000023ba   0x00000002   PAD
    0x000023bc   0x000023bc   0x00000014   Code   RO          361    .text.vPortEnableVFP  port.o
    0x000023d0   0x000023d0   0x00000030   Code   RO          367    .text.vPortEnterCritical  port.o
    0x00002400   0x00002400   0x00000026   Code   RO          369    .text.vPortExitCritical  port.o
    0x00002426   0x00002426   0x00000002   PAD
    0x00002428   0x00002428   0x00000008   Code   RO          385    .text.vPortFree     heap_1.o
    0x00002430   0x00002430   0x00000044   Code   RO          359    .text.vPortSetupTimerInterrupt  port.o
    0x00002474   0x00002474   0x00000022   Code   RO          461    .text.vQueueDelete  queue.o
    0x00002496   0x00002496   0x00000002   PAD
    0x00002498   0x00002498   0x00000064   Code   RO          473    .text.vQueueWaitForMessageRestricted  queue.o
    0x000024fc   0x000024fc   0x0000004a   Code   RO          504    .text.vTaskDelay    tasks.o
    0x00002546   0x00002546   0x00000002   PAD
    0x00002548   0x00002548   0x00000024   Code   RO          558    .text.vTaskInternalSetTimeOutState  tasks.o
    0x0000256c   0x0000256c   0x0000000e   Code   RO          562    .text.vTaskMissedYield  tasks.o
    0x0000257a   0x0000257a   0x00000002   PAD
    0x0000257c   0x0000257c   0x00000026   Code   RO          546    .text.vTaskPlaceOnEventList  tasks.o
    0x000025a2   0x000025a2   0x00000002   PAD
    0x000025a4   0x000025a4   0x00000060   Code   RO          550    .text.vTaskPlaceOnEventListRestricted  tasks.o
    0x00002604   0x00002604   0x0000012c   Code   RO          582    .text.vTaskPriorityDisinheritAfterTimeout  tasks.o
    0x00002730   0x00002730   0x000000c4   Code   RO          524    .text.vTaskStartScheduler  tasks.o
    0x000027f4   0x000027f4   0x00000010   Code   RO          498    .text.vTaskSuspendAll  tasks.o
    0x00002804   0x00002804   0x00000104   Code   RO          516    .text.vTaskSwitchContext  tasks.o
    0x00002908   0x00002908   0x00000054   Code   RO          357    .text.xPortStartScheduler  port.o
    0x0000295c   0x0000295c   0x0000003c   Code   RO          373    .text.xPortSysTickHandler  port.o
    0x00002998   0x00002998   0x00000026   Code   RO          409    .text.xQueueCreateMutex  queue.o
    0x000029be   0x000029be   0x00000002   PAD
    0x000029c0   0x000029c0   0x00000032   Code   RO          413    .text.xQueueCreateMutexStatic  queue.o
    0x000029f2   0x000029f2   0x00000002   PAD
    0x000029f4   0x000029f4   0x00000086   Code   RO          407    .text.xQueueGenericCreate  queue.o
    0x00002a7a   0x00002a7a   0x00000002   PAD
    0x00002a7c   0x00002a7c   0x0000006c   Code   RO          403    .text.xQueueGenericCreateStatic  queue.o
    0x00002ae8   0x00002ae8   0x000000d0   Code   RO          401    .text.xQueueGenericReset  queue.o
    0x00002bb8   0x00002bb8   0x0000016a   Code   RO          421    .text.xQueueGenericSend  queue.o
    0x00002d22   0x00002d22   0x00000002   PAD
    0x00002d24   0x00002d24   0x0000002e   Code   RO          415    .text.xQueueGetMutexHolder  queue.o
    0x00002d52   0x00002d52   0x00000002   PAD
    0x00002d54   0x00002d54   0x000000c2   Code   RO          439    .text.xQueueGiveFromISR  queue.o
    0x00002e16   0x00002e16   0x00000002   PAD
    0x00002e18   0x00002e18   0x00000152   Code   RO          441    .text.xQueueReceive  queue.o
    0x00002f6a   0x00002f6a   0x00000002   PAD
    0x00002f6c   0x00002f6c   0x0000019e   Code   RO          425    .text.xQueueSemaphoreTake  queue.o
    0x0000310a   0x0000310a   0x00000002   PAD
    0x0000310c   0x0000310c   0x0000009a   Code   RO          560    .text.xTaskCheckForTimeOut  tasks.o
    0x000031a6   0x000031a6   0x00000002   PAD
    0x000031a8   0x000031a8   0x000000a6   Code   RO          488    .text.xTaskCreate   tasks.o
    0x0000324e   0x0000324e   0x00000002   PAD
    0x00003250   0x00003250   0x0000007a   Code   RO          482    .text.xTaskCreateStatic  tasks.o
    0x000032ca   0x000032ca   0x00000002   PAD
    0x000032cc   0x000032cc   0x00000038   Code   RO          576    .text.xTaskGetSchedulerState  tasks.o
    0x00003304   0x00003304   0x00000014   Code   RO          532    .text.xTaskGetTickCount  tasks.o
    0x00003318   0x00003318   0x00000246   Code   RO          530    .text.xTaskIncrementTick  tasks.o
    0x0000355e   0x0000355e   0x00000002   PAD
    0x00003560   0x00003560   0x000000e6   Code   RO          580    .text.xTaskPriorityDisinherit  tasks.o
    0x00003646   0x00003646   0x00000002   PAD
    0x00003648   0x00003648   0x0000014e   Code   RO          578    .text.xTaskPriorityInherit  tasks.o
    0x00003796   0x00003796   0x00000002   PAD
    0x00003798   0x00003798   0x0000017c   Code   RO          552    .text.xTaskRemoveFromEventList  tasks.o
    0x00003914   0x00003914   0x0000020a   Code   RO          502    .text.xTaskResumeAll  tasks.o
    0x00003b1e   0x00003b1e   0x00000002   PAD
    0x00003b20   0x00003b20   0x00000078   Code   RO          636    .text.xTimerCreateTimerTask  timers.o
    0x00003b98   0x00003b98   0x00000028   Code   RO          715    i.GPIODirModeSet    driverlib.lib(gpio.o)
    0x00003bc0   0x00003bc0   0x00000006   Code   RO          716    i.GPIOIntClear      driverlib.lib(gpio.o)
    0x00003bc6   0x00003bc6   0x0000000e   Code   RO          717    i.GPIOIntDisable    driverlib.lib(gpio.o)
    0x00003bd4   0x00003bd4   0x0000000c   Code   RO          718    i.GPIOIntEnable     driverlib.lib(gpio.o)
    0x00003be0   0x00003be0   0x00000050   Code   RO          723    i.GPIOIntTypeSet    driverlib.lib(gpio.o)
    0x00003c30   0x00003c30   0x00000138   Code   RO          727    i.GPIOPadConfigSet  driverlib.lib(gpio.o)
    0x00003d68   0x00003d68   0x00000006   Code   RO          729    i.GPIOPinRead       driverlib.lib(gpio.o)
    0x00003d6e   0x00003d6e   0x0000001c   Code   RO          738    i.GPIOPinTypeGPIOInput  driverlib.lib(gpio.o)
    0x00003d8a   0x00003d8a   0x0000001c   Code   RO          739    i.GPIOPinTypeGPIOOutput  driverlib.lib(gpio.o)
    0x00003da6   0x00003da6   0x00000006   Code   RO          757    i.GPIOPinWrite      driverlib.lib(gpio.o)
    0x00003dac   0x00003dac   0x00000064   Code   RO         1043    i.IntEnable         driverlib.lib(interrupt.o)
    0x00003e10   0x00003e10   0x0000000e   Code   RO         1046    i.IntMasterEnable   driverlib.lib(interrupt.o)
    0x00003e1e   0x00003e1e   0x00000002   PAD
    0x00003e20   0x00003e20   0x00000028   Code   RO         1192    i.SysCtlPeripheralEnable  driverlib.lib(sysctl.o)
    0x00003e48   0x00003e48   0x0000002c   Code   RO         1196    i.SysCtlPeripheralReady  driverlib.lib(sysctl.o)
    0x00003e74   0x00003e74   0x0000001a   Code   RO         1617    x$fpl$fpinit        fz_wm.l(fpinit.o)
    0x00003e8e   0x00003e8e   0x00000002   PAD
    0x00003e90   0x00003e90   0x0000010c   Data   RO         1059    .constdata          driverlib.lib(interrupt.o)
    0x00003f9c   0x00003f9c   0x00000064   Data   RO           32    .rodata.str1.1      main.o
    0x00004000   0x00004000   0x00000005   Data   RO          622    .rodata.str1.1      tasks.o
    0x00004005   0x00004005   0x00000008   Data   RO          695    .rodata.str1.1      timers.o
    0x0000400d   0x0000400d   0x00000003   PAD
    0x00004010   0x00004010   0x00000004   Data   RO          607    .rodata.uxTopUsedPriority  tasks.o
    0x00004014   0x00004014   0x00000020   Data   RO         1692    Region$$Table       anon$$obj.o


    Execution Region ER_RW (Exec base: 0x20000000, Load base: 0x00004034, Size: 0x00000008, Max: 0xffffffff, ABSOLUTE)

    Exec Addr    Load Addr    Size         Type   Attr      Idx    E Section Name        Object

    0x20000000   0x00004034   0x00000004   Data   RW          288    .data.SystemCoreClock  system_tm4c123.o
    0x20000004   0x00004038   0x00000004   Data   RW          375    .data.uxCriticalNesting  port.o


    Execution Region ER_ZI (Exec base: 0x20000008, Load base: 0x0000403c, Size: 0x00002e00, Max: 0xffffffff, ABSOLUTE)

    Exec Addr    Load Addr    Size         Type   Attr      Idx    E Section Name        Object

    0x20000008        -       0x00000060   Zero   RW         1557    .bss                c_w.l(libspace.o)
    0x20000068        -       0x00000190   Zero   RW           60    .bss.clib_mutex_cb  clib_arm.o
    0x200001f8        -       0x00000014   Zero   RW           59    .bss.clib_mutex_id  clib_arm.o
    0x2000020c        -       0x00000050   Zero   RW          703    .bss.prvCheckForValidListAndQueue.ucStaticTimerQueueStorage  timers.o
    0x2000025c        -       0x00000050   Zero   RW          702    .bss.prvCheckForValidListAndQueue.xStaticTimerQueue  timers.o
    0x200002ac        -       0x00000004   Zero   RW          699    .bss.prvSampleTimeNow.xLastTime  timers.o
    0x200002b0        -       0x00000004   Zero   RW          391    .bss.pvPortMalloc.pucAlignedHeap  heap_1.o
    0x200002b4        -       0x00000004   Zero   RW          606    .bss.pxCurrentTCB   tasks.o
    0x200002b8        -       0x00000004   Zero   RW          697    .bss.pxCurrentTimerList  timers.o
    0x200002bc        -       0x00000004   Zero   RW          614    .bss.pxDelayedTaskList  tasks.o
    0x200002c0        -       0x00000004   Zero   RW          615    .bss.pxOverflowDelayedTaskList  tasks.o
    0x200002c4        -       0x00000004   Zero   RW          698    .bss.pxOverflowTimerList  timers.o
    0x200002c8        -       0x00000460   Zero   RW          617    .bss.pxReadyTasksLists  tasks.o
    0x20000728        -       0x00002000   Zero   RW          392    .bss.ucHeap         heap_1.o
    0x20002728        -       0x00000004   Zero   RW          611    .bss.uxCurrentNumberOfTasks  tasks.o
    0x2000272c        -       0x00000004   Zero   RW          610    .bss.uxDeletedTasksWaitingCleanUp  tasks.o
    0x20002730        -       0x00000004   Zero   RW          619    .bss.uxSchedulerSuspended  tasks.o
    0x20002734        -       0x00000004   Zero   RW          608    .bss.uxTaskNumber   tasks.o
    0x20002738        -       0x00000004   Zero   RW          618    .bss.uxTopReadyPriority  tasks.o
    0x2000273c        -       0x00000200   Zero   RW          235    .bss.vApplicationGetIdleTaskMemory.Idle_Stack  cmsis_os2.o
    0x2000293c        -       0x0000005c   Zero   RW          234    .bss.vApplicationGetIdleTaskMemory.Idle_TCB  cmsis_os2.o
    0x20002998        -       0x00000140   Zero   RW          237    .bss.vApplicationGetTimerTaskMemory.Timer_Stack  cmsis_os2.o
    0x20002ad8        -       0x0000005c   Zero   RW          236    .bss.vApplicationGetTimerTaskMemory.Timer_TCB  cmsis_os2.o
    0x20002b34        -       0x00000014   Zero   RW          700    .bss.xActiveTimerList1  timers.o
    0x20002b48        -       0x00000014   Zero   RW          701    .bss.xActiveTimerList2  timers.o
    0x20002b5c        -       0x00000014   Zero   RW          627    .bss.xDelayedTaskList1  tasks.o
    0x20002b70        -       0x00000014   Zero   RW          628    .bss.xDelayedTaskList2  tasks.o
    0x20002b84        -       0x00000004   Zero   RW           27    .bss.xDownSema      main.o
    0x20002b88        -       0x00000004   Zero   RW           31    .bss.xEmptyQueueSema  main.o
    0x20002b8c        -       0x00000004   Zero   RW           28    .bss.xISRTASK       main.o
    0x20002b90        -       0x00000004   Zero   RW          623    .bss.xIdleTaskHandle  tasks.o
    0x20002b94        -       0x00000004   Zero   RW           29    .bss.xMovingSema    main.o
    0x20002b98        -       0x00000004   Zero   RW          393    .bss.xNextFreeByte  heap_1.o
    0x20002b9c        -       0x00000004   Zero   RW          624    .bss.xNextTaskUnblockTime  tasks.o
    0x20002ba0        -       0x00000004   Zero   RW          626    .bss.xNumOfOverflows  tasks.o
    0x20002ba4        -       0x00000004   Zero   RW          625    .bss.xPendedTicks   tasks.o
    0x20002ba8        -       0x00000014   Zero   RW          621    .bss.xPendingReadyList  tasks.o
    0x20002bbc        -       0x00000004   Zero   RW          612    .bss.xSchedulerRunning  tasks.o
    0x20002bc0        -       0x00000004   Zero   RW           25    .bss.xStuckMutex    main.o
    0x20002bc4        -       0x00000004   Zero   RW           24    .bss.xStuckSema     main.o
    0x20002bc8        -       0x00000014   Zero   RW          616    .bss.xSuspendedTaskList  tasks.o
    0x20002bdc        -       0x00000014   Zero   RW          609    .bss.xTasksWaitingTermination  tasks.o
    0x20002bf0        -       0x00000004   Zero   RW          613    .bss.xTickCount     tasks.o
    0x20002bf4        -       0x00000004   Zero   RW          694    .bss.xTimerQueue    timers.o
    0x20002bf8        -       0x00000004   Zero   RW          696    .bss.xTimerTaskHandle  timers.o
    0x20002bfc        -       0x00000004   Zero   RW           26    .bss.xUpSema        main.o
    0x20002c00        -       0x00000004   Zero   RW           30    .bss.xWindowQueue   main.o
    0x20002c04        -       0x00000004   Zero   RW          620    .bss.xYieldPending  tasks.o
    0x20002c08        -       0x00000000   Zero   RW          273    HEAP                startup_tm4c123.o
    0x20002c08        -       0x00000200   Zero   RW          272    STACK               startup_tm4c123.o


==============================================================================

Image component sizes


      Code (inc. data)   RO Data    RW Data    ZI Data      Debug   Object Name

       400          0          0          0        420       3827   clib_arm.o
       124          0          0          0       1016      32466   cmsis_os2.o
       200          0          0          0       8200       1488   heap_1.o
       238          0          0          0          0       2357   list.o
      2824          6        100          0         32       7051   main.o
       626         16          0          4          0       2844   port.o
      2710          0          0          0          0      14366   queue.o
       276         24        620          0        512       5468   startup_tm4c123.o
       268          0          0          4          0       6755   system_tm4c123.o
      4892          0          9          0       1280      23276   tasks.o
      1238         10          8          0        220      10559   timers.o

    ----------------------------------------------------------------------
     13904         68        772          8      11680     110457   Object Totals
         0          0         32          0          0          0   (incl. Generated)
       108         12          3          0          0          0   (incl. Padding)

    ----------------------------------------------------------------------

      Code (inc. data)   RO Data    RW Data    ZI Data      Debug   Library Member Name

         8          0          0          0          0         68   __main.o
         0          0          0          0          0          0   __rtentry.o
        20          0          0          0          0          0   __rtentry2.o
         6          0          0          0          0          0   __rtentry4.o
        52          8          0          0          0          0   __scatter.o
        26          0          0          0          0          0   __scatter_copy.o
        28          0          0          0          0          0   __scatter_zi.o
        16          0          0          0          0         68   aeabi_memset4.o
        18          0          0          0          0         80   exit.o
         6          0          0          0          0        152   heapauxi.o
         0          0          0          0          0          0   indicate_semi.o
         2          0          0          0          0          0   libinit.o
         6          0          0          0          0          0   libinit2.o
         2          0          0          0          0          0   libshutdown.o
         2          0          0          0          0          0   libshutdown2.o
         8          4          0          0         96         68   libspace.o
        68          0          0          0          0         68   rt_memclr.o
        78          0          0          0          0         80   rt_memclr_w.o
       138          0          0          0          0         68   rt_memcpy_v6.o
       100          0          0          0          0         80   rt_memcpy_w.o
         2          0          0          0          0          0   rtexit.o
        10          0          0          0          0          0   rtexit2.o
        12          4          0          0          0         68   sys_exit.o
        74          0          0          0          0         80   sys_stackheap_outer.o
         2          0          0          0          0         68   use_no_semi.o
        38          0          0          0          0        572   cpu.o
       532          0          0          0          0      10849   gpio.o
       114          8        268          0          0       2042   interrupt.o
        84          8          0          0          0       1021   sysctl.o
        26          0          0          0          0        116   fpinit.o

    ----------------------------------------------------------------------
      1492         32        268          0         96      15548   Library Totals
        14          0          0          0          0          0   (incl. Padding)

    ----------------------------------------------------------------------

      Code (inc. data)   RO Data    RW Data    ZI Data      Debug   Library Name

       684         16          0          0         96        948   c_w.l
       768         16        268          0          0      14484   driverlib.lib
        26          0          0          0          0        116   fz_wm.l

    ----------------------------------------------------------------------
      1492         32        268          0         96      15548   Library Totals

    ----------------------------------------------------------------------

==============================================================================


      Code (inc. data)   RO Data    RW Data    ZI Data      Debug   

     15396        100       1040          8      11776     124409   Grand Totals
     15396        100       1040          8      11776     124409   ELF Image Totals
     15396        100       1040          8          0          0   ROM Totals

==============================================================================

    Total RO  Size (Code + RO Data)                16436 (  16.05kB)
    Total RW  Size (RW Data + ZI Data)             11784 (  11.51kB)
    Total ROM Size (Code + RO Data + RW Data)      16444 (  16.06kB)

==============================================================================

